Component: ARM Compiler 5.06 update 5 (build 528) Tool: armlink [4d35e2]

==============================================================================

Section Cross References

    main.o(.text) refers to sys_init.o(.text) for Sys_Init
    main.o(.text) refers to network.o(.text) for Uart_Analysis
    main.o(.text) refers to pwm.o(.text) for Axis_Ultra_Limit
    main.o(.text) refers to action_status.o(.text) for XYZ_BackZero
    main.o(.text) refers to key.o(.text) for Key_Deal
    main.o(.text) refers to lcd_rs232.o(.text) for SURE_REC_UART2_Analyze
    main.o(.text) refers to stm32f10x_usart.o(.text) for USART_SendData
    main.o(.text) refers to network.o(.data) for Reset_Flag
    main.o(.text) refers to timer.o(.data) for Timer_1ms_flag
    main.o(.text) refers to pwm.o(.bss) for Action
    system_stm32f10x.o(.text) refers to system_stm32f10x.o(.data) for SystemCoreClock
    beep.o(.text) refers to delay.o(.text) for delay_ms
    key.o(.text) refers to stm32f10x_rcc.o(.text) for RCC_APB2PeriphClockCmd
    key.o(.text) refers to stm32f10x_gpio.o(.text) for GPIO_Init
    key.o(.text) refers to delay.o(.text) for delay_ms
    key.o(.text) refers to beep.o(.text) for Beep
    key.o(.text) refers to action_status.o(.text) for Axis_Move_Alone
    key.o(.text) refers to 24c256.o(.text) for I2C_PageWrite
    key.o(.text) refers to key.o(.data) for Key_press_flag
    key.o(.text) refers to lcd_rs232.o(.data) for Change_X_Zero_Pluse
    key.o(.text) refers to pwm.o(.data) for X_Zero_Pluse
    key.o(.text) refers to action_status.o(.data) for First_Goods_Height
    led.o(.text) refers to stm32f10x_rcc.o(.text) for RCC_APB2PeriphClockCmd
    led.o(.text) refers to stm32f10x_gpio.o(.text) for GPIO_Init
    timer.o(.text) refers to stm32f10x_rcc.o(.text) for RCC_APB1PeriphClockCmd
    timer.o(.text) refers to stm32f10x_tim.o(.text) for TIM_TimeBaseInit
    timer.o(.text) refers to misc.o(.text) for NVIC_Init
    timer.o(.text) refers to cfcmple.o(.text) for __aeabi_cfcmple
    timer.o(.text) refers to ffltui.o(.text) for __aeabi_ui2f
    timer.o(.text) refers to fmul.o(.text) for __aeabi_fmul
    timer.o(.text) refers to fdiv.o(.text) for __aeabi_fdiv
    timer.o(.text) refers to fadd.o(.text) for __aeabi_fadd
    timer.o(.text) refers to cfrcmple.o(.text) for __aeabi_cfrcmple
    timer.o(.text) refers to key.o(.data) for TEST_MODE
    timer.o(.text) refers to timer.o(.data) for TestModeFlash_count
    timer.o(.text) refers to pwm.o(.bss) for Axis_X
    timer.o(.text) refers to pwm.o(.text) for PWMCtrl_ARRCount
    timer.o(.text) refers to wdg.o(.text) for IWDG_Feed
    wdg.o(.text) refers to stm32f10x_iwdg.o(.text) for IWDG_WriteAccessCmd
    sys_init.o(.text) refers to delay.o(.text) for delay_init
    sys_init.o(.text) refers to led.o(.text) for LED_Init
    sys_init.o(.text) refers to beep.o(.text) for Beep_Init
    sys_init.o(.text) refers to key.o(.text) for KEY_Init
    sys_init.o(.text) refers to output.o(.text) for GPIO_OutPut_Init
    sys_init.o(.text) refers to input.o(.text) for GPIO_InPut_Init
    sys_init.o(.text) refers to pwm.o(.text) for PWM_Init
    sys_init.o(.text) refers to 24c256.o(.text) for IIC_Init
    sys_init.o(.text) refers to network.o(.text) for USART3_Init
    sys_init.o(.text) refers to lcd_rs232.o(.text) for USART2_Init
    sys_init.o(.text) refers to sys.o(.text) for NVIC_Configuration
    sys_init.o(.text) refers to timer.o(.text) for TIM3_Int_Init
    sys_init.o(.text) refers to wdg.o(.text) for IWDG_Init
    sys_init.o(.text) refers to network.o(.data) for Reset_Flag
    sys_init.o(.text) refers to network.o(.bss) for Uart3
    sys_init.o(.text) refers to lcd_rs232.o(.data) for Change_X_MPP
    delay.o(.text) refers to misc.o(.text) for SysTick_CLKSourceConfig
    delay.o(.text) refers to system_stm32f10x.o(.data) for SystemCoreClock
    delay.o(.text) refers to delay.o(.data) for fac_us
    sys.o(.text) refers to misc.o(.text) for NVIC_SetVectorTable
    output.o(.text) refers to stm32f10x_rcc.o(.text) for RCC_APB2PeriphClockCmd
    output.o(.text) refers to stm32f10x_gpio.o(.text) for GPIO_PinRemapConfig
    pwm.o(.text) refers to stm32f10x_rcc.o(.text) for RCC_APB2PeriphClockCmd
    pwm.o(.text) refers to stm32f10x_gpio.o(.text) for GPIO_Init
    pwm.o(.text) refers to stm32f10x_tim.o(.text) for TIM_TimeBaseInit
    pwm.o(.text) refers to stm32f10x_exti.o(.text) for EXTI_Init
    pwm.o(.text) refers to misc.o(.text) for NVIC_Init
    pwm.o(.text) refers to ffltui.o(.text) for __aeabi_ui2f
    pwm.o(.text) refers to fmul.o(.text) for __aeabi_fmul
    pwm.o(.text) refers to fdiv.o(.text) for __aeabi_fdiv
    pwm.o(.text) refers to fadd.o(.text) for __aeabi_fsub
    pwm.o(.text) refers to ffixui.o(.text) for __aeabi_f2uiz
    pwm.o(.text) refers to ddiv.o(.text) for __aeabi_ddiv
    pwm.o(.text) refers to dfltui.o(.text) for __aeabi_ui2d
    pwm.o(.text) refers to cdcmple.o(.text) for __aeabi_cdcmple
    pwm.o(.text) refers to fflti.o(.text) for __aeabi_i2f
[...]
    lcd_rs232.o(.text) refers to malloc.o(i.free) for free
    i2c.o(.text) refers to lcd_rs232.o(.text) for PE7OUTPUT
    i2c.o(.text) refers to delay.o(.text) for delay_us
    24c256.o(.text) refers to stm32f10x_gpio.o(.text) for GPIO_Init
    24c256.o(.text) refers to 24c256.o(.data) for WriteTimes
    24c256.o(.text) refers to timer.o(.data) for DelayTimes_ms
    stm32f10x_adc.o(.text) refers to stm32f10x_rcc.o(.text) for RCC_APB2PeriphResetCmd
    stm32f10x_bkp.o(.text) refers to stm32f10x_rcc.o(.text) for RCC_BackupResetCmd
    stm32f10x_can.o(.text) refers to stm32f10x_rcc.o(.text) for RCC_APB1PeriphResetCmd
    stm32f10x_cec.o(.text) refers to stm32f10x_rcc.o(.text) for RCC_APB1PeriphResetCmd
    stm32f10x_dac.o(.text) refers to stm32f10x_rcc.o(.text) for RCC_APB1PeriphResetCmd
    stm32f10x_gpio.o(.text) refers to stm32f10x_rcc.o(.text) for RCC_APB2PeriphResetCmd
    stm32f10x_i2c.o(.text) refers to stm32f10x_rcc.o(.text) for RCC_APB1PeriphResetCmd
    stm32f10x_pwr.o(.text) refers to stm32f10x_rcc.o(.text) for RCC_APB1PeriphResetCmd
    stm32f10x_rcc.o(.text) refers to stm32f10x_rcc.o(.data) for APBAHBPrescTable
    stm32f10x_spi.o(.text) refers to stm32f10x_rcc.o(.text) for RCC_APB2PeriphResetCmd
    stm32f10x_tim.o(.text) refers to stm32f10x_rcc.o(.text) for RCC_APB2PeriphResetCmd
    stm32f10x_usart.o(.text) refers to stm32f10x_rcc.o(.text) for RCC_APB2PeriphResetCmd
    stm32f10x_wwdg.o(.text) refers to stm32f10x_rcc.o(.text) for RCC_APB1PeriphResetCmd
    startup_stm32f10x_hd.o(RESET) refers to startup_stm32f10x_hd.o(STACK) for __initial_sp
    startup_stm32f10x_hd.o(RESET) refers to startup_stm32f10x_hd.o(.text) for Reset_Handler
    startup_stm32f10x_hd.o(RESET) refers to stm32f10x_it.o(.text) for NMI_Handler
    startup_stm32f10x_hd.o(RESET) refers to pwm.o(.text) for EXTI0_IRQHandler
    startup_stm32f10x_hd.o(RESET) refers to timer.o(.text) for TIM2_IRQHandler
    startup_stm32f10x_hd.o(RESET) refers to lcd_rs232.o(.text) for USART2_IRQHandler
    startup_stm32f10x_hd.o(RESET) refers to network.o(.text) for USART3_IRQHandler
    startup_stm32f10x_hd.o(.text) refers to system_stm32f10x.o(.text) for SystemInit
    startup_stm32f10x_hd.o(.text) refers to entry.o(.ARM.Collect$$$$00000000) for __main
    entry.o(.ARM.Collect$$$$00000000) refers (Special) to entry10a.o(.ARM.Collect$$$$0000000D) for __rt_final_cpp
    entry.o(.ARM.Collect$$$$00000000) refers (Special) to entry11a.o(.ARM.Collect$$$$0000000F) for __rt_final_exit
    entry.o(.ARM.Collect$$$$00000000) refers (Special) to entry7b.o(.ARM.Collect$$$$00000008) for _main_clock
    entry.o(.ARM.Collect$$$$00000000) refers (Special) to entry8b.o(.ARM.Collect$$$$0000000A) for _main_cpp_init
    entry.o(.ARM.Collect$$$$00000000) refers (Special) to entry9a.o(.ARM.Collect$$$$0000000B) for _main_init
    entry.o(.ARM.Collect$$$$00000000) refers (Special) to entry5.o(.ARM.Collect$$$$00000004) for _main_scatterload
    entry.o(.ARM.Collect$$$$00000000) refers (Special) to entry2.o(.ARM.Collect$$$$00000001) for _main_stk
    malloc.o(i.free) refers to mvars.o(.data) for __microlib_freelist
    malloc.o(i.malloc) refers to mvars.o(.data) for __microlib_freelist_initialised
    malloc.o(i.malloc) refers to mvars.o(.data) for __microlib_freelist
    malloc.o(i.malloc) refers to startup_stm32f10x_hd.o(HEAP) for __heap_base
    mallocr.o(i.__free$realloc) refers to mvars.o(.data) for __microlib_freelist
    mallocr.o(i.__malloc$realloc) refers to mallocr.o(i.internal_alloc) for internal_alloc
    mallocr.o(i.__malloc$realloc) refers to mvars.o(.data) for __microlib_freelist_initialised
    mallocr.o(i.__malloc$realloc) refers to startup_stm32f10x_hd.o(HEAP) for __heap_base
    mallocr.o(i.__malloc$realloc) refers to mvars.o(.data) for __microlib_freelist
    mallocr.o(i.internal_alloc) refers to memcpya.o(.text) for __aeabi_memcpy
    mallocr.o(i.internal_alloc) refers to mvars.o(.data) for __microlib_freelist
    mallocr.o(i.realloc) refers to mallocr.o(i.__free$realloc) for __free$realloc
    mallocr.o(i.realloc) refers to mallocr.o(i.internal_alloc) for internal_alloc
    mallocr.o(i.realloc) refers to mallocr.o(i.__malloc$realloc) for __malloc$realloc
    mallocr.o(i.realloc) refers to mvars.o(.data) for __microlib_freelist
    malloca.o(i.__aligned_malloc) refers to mvars.o(.data) for __microlib_freelist_initialised
    malloca.o(i.__aligned_malloc) refers to mvars.o(.data) for __microlib_freelist
    malloca.o(i.__aligned_malloc) refers to startup_stm32f10x_hd.o(HEAP) for __heap_base
    malloca.o(i.__free$memalign) refers to mvars.o(.data) for __microlib_freelist
    malloca.o(i.__malloc$memalign) refers to malloca.o(i.__aligned_malloc) for __aligned_malloc
    mallocra.o(i.__aligned_malloc$realloc) refers to mallocra.o(i.internal_alloc) for internal_alloc
    mallocra.o(i.__aligned_malloc$realloc) refers to mvars.o(.data) for __microlib_freelist_initialised
    mallocra.o(i.__aligned_malloc$realloc) refers to startup_stm32f10x_hd.o(HEAP) for __heap_base
    mallocra.o(i.__aligned_malloc$realloc) refers to mvars.o(.data) for __microlib_freelist
    mallocra.o(i.__free$realloc$memalign) refers to mvars.o(.data) for __microlib_freelist
    mallocra.o(i.__malloc$realloc$memalign) refers to mallocra.o(i.__aligned_malloc$realloc) for __aligned_malloc$realloc
    mallocra.o(i.__realloc$memalign) refers to mallocra.o(i.__free$realloc$memalign) for __free$realloc$memalign
    mallocra.o(i.__realloc$memalign) refers to mallocra.o(i.internal_alloc) for internal_alloc
    mallocra.o(i.__realloc$memalign) refers to mallocra.o(i.__malloc$realloc$memalign) for __malloc$realloc$memalign
    mallocra.o(i.__realloc$memalign) refers to mvars.o(.data) for __microlib_freelist
    mallocra.o(i.internal_alloc) refers to memcpya.o(.text) for __aeabi_memcpy
    mallocra.o(i.internal_alloc) refers to mvars.o(.data) for __microlib_freelist
    fadd.o(.text) refers (Special) to iusefp.o(.text) for __I$use$fp
    fadd.o(.text) refers to fepilogue.o(.text) for _float_epilogue
    fmul.o(.text) refers (Special) to iusefp.o(.text) for __I$use$fp
    fdiv.o(.text) refers (Special) to iusefp.o(.text) for __I$use$fp
    fdiv.o(.text) refers to fepilogue.o(.text) for _float_round
    dadd.o(.text) refers (Special) to iusefp.o(.text) for __I$use$fp
    dadd.o(.text) refers to llshl.o(.text) for __aeabi_llsl
    dadd.o(.text) refers to llsshr.o(.text) for __aeabi_lasr
    dadd.o(.text) refers to depilogue.o(.text) for _double_epilogue
    dmul.o(.text) refers (Special) to iusefp.o(.text) for __I$use$fp
    dmul.o(.text) refers to depilogue.o(.text) for _double_epilogue
    ddiv.o(.text) refers (Special) to iusefp.o(.text) for __I$use$fp
    ddiv.o(.text) refers to depilogue.o(.text) for _double_round
    fflti.o(.text) refers (Special) to iusefp.o(.text) for __I$use$fp
    fflti.o(.text) refers to fepilogue.o(.text) for _float_epilogue
    ffltui.o(.text) refers (Special) to iusefp.o(.text) for __I$use$fp
    ffltui.o(.text) refers to fepilogue.o(.text) for _float_epilogue
    dflti.o(.text) refers (Special) to iusefp.o(.text) for __I$use$fp
    dflti.o(.text) refers to depilogue.o(.text) for _double_epilogue
    dfltui.o(.text) refers (Special) to iusefp.o(.text) for __I$use$fp
    dfltui.o(.text) refers to depilogue.o(.text) for _double_epilogue
    ffixui.o(.text) refers (Special) to iusefp.o(.text) for __I$use$fp
    dfixui.o(.text) refers (Special) to iusefp.o(.text) for __I$use$fp
    dfixui.o(.text) refers to llushr.o(.text) for __aeabi_llsr
    cdcmple.o(.text) refers (Special) to iusefp.o(.text) for __I$use$fp
    d2f.o(.text) refers (Special) to iusefp.o(.text) for __I$use$fp
    d2f.o(.text) refers to fepilogue.o(.text) for _float_round
    cfcmple.o(.text) refers (Special) to iusefp.o(.text) for __I$use$fp
    cfrcmple.o(.text) refers (Special) to iusefp.o(.text) for __I$use$fp
    entry2.o(.ARM.Collect$$$$00000001) refers to entry2.o(.ARM.Collect$$$$00002712) for __lit__00000000
    entry2.o(.ARM.Collect$$$$00002712) refers to startup_stm32f10x_hd.o(STACK) for __initial_sp
    entry2.o(__vectab_stack_and_reset_area) refers to startup_stm32f10x_hd.o(STACK) for __initial_sp
    entry2.o(__vectab_stack_and_reset_area) refers to entry.o(.ARM.Collect$$$$00000000) for __main
    entry5.o(.ARM.Collect$$$$00000004) refers to init.o(.text) for __scatterload
    entry9a.o(.ARM.Collect$$$$0000000B) refers to main.o(.text) for main
    entry9b.o(.ARM.Collect$$$$0000000C) refers to main.o(.text) for main
    depilogue.o(.text) refers to llshl.o(.text) for __aeabi_llsl
    depilogue.o(.text) refers to llushr.o(.text) for __aeabi_llsr
    init.o(.text) refers to entry5.o(.ARM.Collect$$$$00000004) for __main_after_scatterload


==============================================================================

Removing Unused input sections from the image.

    Removing beep.o(.data), (5 bytes).
    Removing led.o(.data), (8 bytes).
    Removing input.o(.data), (4 bytes).
    Removing i2c.o(.text), (260 bytes).
    Removing stm32f10x_adc.o(.text), (1102 bytes).
    Removing stm32f10x_bkp.o(.text), (196 bytes).
    Removing stm32f10x_can.o(.text), (2580 bytes).
    Removing stm32f10x_cec.o(.text), (288 bytes).
    Removing stm32f10x_crc.o(.text), (72 bytes).
    Removing stm32f10x_dac.o(.text), (396 bytes).
    Removing stm32f10x_dbgmcu.o(.text), (48 bytes).
    Removing stm32f10x_dma.o(.text), (596 bytes).
    Removing stm32f10x_flash.o(.text), (1468 bytes).
    Removing stm32f10x_fsmc.o(.text), (1548 bytes).
    Removing stm32f10x_i2c.o(.text), (1028 bytes).
    Removing stm32f10x_pwr.o(.text), (204 bytes).
    Removing stm32f10x_rtc.o(.text), (328 bytes).
    Removing stm32f10x_sdio.o(.text), (468 bytes).
    Removing stm32f10x_spi.o(.text), (780 bytes).
    Removing stm32f10x_wwdg.o(.text), (136 bytes).
    Removing core_cm3.o(.emb_text), (32 bytes).

21 unused section(s) (total 11547 bytes) removed from the image.

==============================================================================

Image Symbol Table

    Local Symbols

    Symbol Name                              Value     Ov Type        Size  Object(Section)

    ../clib/../cmprslib/zerorunl.c           0x00000000   Number         0  __dczerorl.o ABSOLUTE
    ../clib/microlib/init/entry.s            0x00000000   Number         0  entry11a.o ABSOLUTE
    ../clib/microlib/init/entry.s            0x00000000   Number         0  entry10b.o ABSOLUTE
    ../clib/microlib/init/entry.s            0x00000000   Number         0  entry11b.o ABSOLUTE
    ../clib/microlib/init/entry.s            0x00000000   Number         0  entry8a.o ABSOLUTE
    ../clib/microlib/init/entry.s            0x00000000   Number         0  entry9b.o ABSOLUTE
    ../clib/microlib/init/entry.s            0x00000000   Number         0  entry7b.o ABSOLUTE
    ../clib/microlib/init/entry.s            0x00000000   Number         0  entry.o ABSOLUTE
    ../clib/microlib/init/entry.s            0x00000000   Number         0  entry7a.o ABSOLUTE
    ../clib/microlib/init/entry.s            0x00000000   Number         0  entry5.o ABSOLUTE
    ../clib/microlib/init/entry.s            0x00000000   Number         0  entry2.o ABSOLUTE
    ../clib/microlib/init/entry.s            0x00000000   Number         0  entry8b.o ABSOLUTE
    ../clib/microlib/init/entry.s            0x00000000   Number         0  entry10a.o ABSOLUTE
    ../clib/microlib/init/entry.s            0x00000000   Number         0  entry9a.o ABSOLUTE
    ../clib/microlib/longlong.c              0x00000000   Number         0  llsshr.o ABSOLUTE
    ../clib/microlib/longlong.c              0x00000000   Number         0  llshl.o ABSOLUTE
    ../clib/microlib/longlong.c              0x00000000   Number         0  llushr.o ABSOLUTE
    ../clib/microlib/malloc/malloc.c         0x00000000   Number         0  malloca.o ABSOLUTE
    ../clib/microlib/malloc/malloc.c         0x00000000   Number         0  mallocr.o ABSOLUTE
    ../clib/microlib/malloc/malloc.c         0x00000000   Number         0  malloc.o ABSOLUTE
    ../clib/microlib/malloc/malloc.c         0x00000000   Number         0  mallocra.o ABSOLUTE
    ../clib/microlib/malloc/mvars.c          0x00000000   Number         0  mvars.o ABSOLUTE
    ../clib/microlib/string/memcpy.c         0x00000000   Number         0  memcpyb.o ABSOLUTE
    ../clib/microlib/string/memcpy.c         0x00000000   Number         0  memcpya.o ABSOLUTE
    ../clib/microlib/string/memset.c         0x00000000   Number         0  memseta.o ABSOLUTE
    ../clib/microlib/string/strlen.c         0x00000000   Number         0  strlen.o ABSOLUTE
    ../clib/microlib/stubs.s                 0x00000000   Number         0  iusefp.o ABSOLUTE
    ../fplib/microlib/d2f.c                  0x00000000   Number         0  d2f.o ABSOLUTE
    ../fplib/microlib/fpadd.c                0x00000000   Number         0  fadd.o ABSOLUTE
    ../fplib/microlib/fpadd.c                0x00000000   Number         0  dadd.o ABSOLUTE
    ../fplib/microlib/fpdiv.c                0x00000000   Number         0  ddiv.o ABSOLUTE
    ../fplib/microlib/fpdiv.c                0x00000000   Number         0  fdiv.o ABSOLUTE
    ../fplib/microlib/fpepilogue.c           0x00000000   Number         0  fepilogue.o ABSOLUTE
    ../fplib/microlib/fpepilogue.c           0x00000000   Number         0  depilogue.o ABSOLUTE
    ../fplib/microlib/fpfix.c                0x00000000   Number         0  dfixui.o ABSOLUTE
    ../fplib/microlib/fpfix.c                0x00000000   Number         0  ffixui.o ABSOLUTE
    ../fplib/microlib/fpflt.c                0x00000000   Number         0  ffltui.o ABSOLUTE
    ../fplib/microlib/fpflt.c                0x00000000   Number         0  fflti.o ABSOLUTE
    ../fplib/microlib/fpflt.c                0x00000000   Number         0  dfltui.o ABSOLUTE
    ../fplib/microlib/fpflt.c                0x00000000   Number         0  dflti.o ABSOLUTE
    ../fplib/microlib/fpmul.c                0x00000000   Number         0  dmul.o ABSOLUTE
    ../fplib/microlib/fpmul.c                0x00000000   Number         0  fmul.o ABSOLUTE
    ..\CMSIS\CM3\CoreSupport\core_cm3.c      0x00000000   Number         0  core_cm3.o ABSOLUTE
    ..\CMSIS\CM3\DeviceSupport\ST\STM32F10x\startup\arm\startup_stm32f10x_hd.s 0x00000000   Number         0  startup_stm32f10x_hd.o ABSOLUTE
    ..\STM32F10x_StdPeriph_Driver\src\misc.c 0x00000000   Number         0  misc.o ABSOLUTE
    ..\STM32F10x_StdPeriph_Driver\src\stm32f10x_adc.c 0x00000000   Number         0  stm32f10x_adc.o ABSOLUTE
    ..\STM32F10x_StdPeriph_Driver\src\stm32f10x_bkp.c 0x00000000   Number         0  stm32f10x_bkp.o ABSOLUTE
    ..\STM32F10x_StdPeriph_Driver\src\stm32f10x_can.c 0x00000000   Number         0  stm32f10x_can.o ABSOLUTE
    ..\STM32F10x_StdPeriph_Driver\src\stm32f10x_cec.c 0x00000000   Number         0  stm32f10x_cec.o ABSOLUTE
    ..\STM32F10x_StdPeriph_Driver\src\stm32f10x_crc.c 0x00000000   Number         0  stm32f10x_crc.o ABSOLUTE
    ..\STM32F10x_StdPeriph_Driver\src\stm32f10x_dac.c 0x00000000   Number         0  stm32f10x_dac.o ABSOLUTE
    ..\STM32F10x_StdPeriph_Driver\src\stm32f10x_dbgmcu.c 0x00000000   Number         0  stm32f10x_dbgmcu.o ABSOLUTE
    ..\STM32F10x_StdPeriph_Driver\src\stm32f10x_dma.c 0x00000000   Number         0  stm32f10x_dma.o ABSOLUTE
    ..\STM32F10x_StdPeriph_Driver\src\stm32f10x_exti.c 0x00000000   Number         0  stm32f10x_exti.o ABSOLUTE
    ..\STM32F10x_StdPeriph_Driver\src\stm32f10x_flash.c 0x00000000   Number         0  stm32f10x_flash.o ABSOLUTE
    ..\STM32F10x_StdPeriph_Driver\src\stm32f10x_fsmc.c 0x00000000   Number         0  stm32f10x_fsmc.o ABSOLUTE
    ..\STM32F10x_StdPeriph_Driver\src\stm32f10x_gpio.c 0x00000000   Number         0  stm32f10x_gpio.o ABSOLUTE
    ..\STM32F10x_StdPeriph_Driver\src\stm32f10x_i2c.c 0x00000000   Number         0  stm32f10x_i2c.o ABSOLUTE
    ..\STM32F10x_StdPeriph_Driver\src\stm32f10x_iwdg.c 0x00000000   Number         0  stm32f10x_iwdg.o ABSOLUTE
    ..\STM32F10x_StdPeriph_Driver\src\stm32f10x_pwr.c 0x00000000   Number         0  stm32f10x_pwr.o ABSOLUTE
    ..\STM32F10x_StdPeriph_Driver\src\stm32f10x_rcc.c 0x00000000   Number         0  stm32f10x_rcc.o ABSOLUTE
    ..\STM32F10x_StdPeriph_Driver\src\stm32f10x_rtc.c 0x00000000   Number         0  stm32f10x_rtc.o ABSOLUTE
    ..\STM32F10x_StdPeriph_Driver\src\stm32f10x_sdio.c 0x00000000   Number         0  stm32f10x_sdio.o ABSOLUTE
    ..\STM32F10x_StdPeriph_Driver\src\stm32f10x_spi.c 0x00000000   Number         0  stm32f10x_spi.o ABSOLUTE
    ..\STM32F10x_StdPeriph_Driver\src\stm32f10x_tim.c 0x00000000   Number         0  stm32f10x_tim.o ABSOLUTE
    ..\STM32F10x_StdPeriph_Driver\src\stm32f10x_usart.c 0x00000000   Number         0  stm32f10x_usart.o ABSOLUTE
    ..\STM32F10x_StdPeriph_Driver\src\stm32f10x_wwdg.c 0x00000000   Number         0  stm32f10x_wwdg.o ABSOLUTE
    ..\\CMSIS\\CM3\\CoreSupport\\core_cm3.c  0x00000000   Number         0  core_cm3.o ABSOLUTE
    ..\user\24C256\24c256.c                  0x00000000   Number         0  24c256.o ABSOLUTE
    ..\user\Beep\Beep.c                      0x00000000   Number         0  beep.o ABSOLUTE
    ..\user\Input\input.c                    0x00000000   Number         0  input.o ABSOLUTE
    ..\user\Key\Key.c                        0x00000000   Number         0  key.o ABSOLUTE
    ..\user\LCD_RS232\LCD_RS232.c            0x00000000   Number         0  lcd_rs232.o ABSOLUTE
    ..\user\LED\led.c                        0x00000000   Number         0  led.o ABSOLUTE
    ..\user\Output\output.c                  0x00000000   Number         0  output.o ABSOLUTE
    ..\user\PWM\pwm.c                        0x00000000   Number         0  pwm.o ABSOLUTE
    ..\user\Sys_Init.c                       0x00000000   Number         0  sys_init.o ABSOLUTE
    ..\user\Timer\timer.c                    0x00000000   Number         0  timer.o ABSOLUTE
    ..\user\WDG\wdg.c                        0x00000000   Number         0  wdg.o ABSOLUTE
    ..\user\actionstatus\Action_Status.c     0x00000000   Number         0  action_status.o ABSOLUTE
    ..\user\delay\delay.c                    0x00000000   Number         0  delay.o ABSOLUTE
    ..\user\i2c-pcf8574\i2c.c                0x00000000   Number         0  i2c.o ABSOLUTE
    ..\user\main.c                           0x00000000   Number         0  main.o ABSOLUTE
    ..\user\network\network.c                0x00000000   Number         0  network.o ABSOLUTE
    ..\user\stm32f10x_it.c                   0x00000000   Number         0  stm32f10x_it.o ABSOLUTE
    ..\user\sys\sys.c                        0x00000000   Number         0  sys.o ABSOLUTE
    ..\user\system_stm32f10x.c               0x00000000   Number         0  system_stm32f10x.o ABSOLUTE
    cdcmple.s                                0x00000000   Number         0  cdcmple.o ABSOLUTE
    cfcmple.s                                0x00000000   Number         0  cfcmple.o ABSOLUTE
    cfrcmple.s                               0x00000000   Number         0  cfrcmple.o ABSOLUTE
    dc.s                                     0x00000000   Number         0  dc.o ABSOLUTE
    handlers.s                               0x00000000   Number         0  handlers.o ABSOLUTE
    init.s                                   0x00000000   Number         0  init.o ABSOLUTE
    RESET                                    0x08000000   Section      304  startup_stm32f10x_hd.o(RESET)
    .ARM.Collect$$$$00000000                 0x08000130   Section        0  entry.o(.ARM.Collect$$$$00000000)
    .ARM.Collect$$$$00000001                 0x08000130   Section        4  entry2.o(.ARM.Collect$$$$00000001)
    .ARM.Collect$$$$00000004                 0x08000134   Section        4  entry5.o(.ARM.Collect$$$$00000004)
    .ARM.Collect$$$$00000008                 0x08000138   Section        0  entry7b.o(.ARM.Collect$$$$00000008)
    .ARM.Collect$$$$0000000A                 0x08000138   Section        0  entry8b.o(.ARM.Collect$$$$0000000A)
    .ARM.Collect$$$$0000000B                 0x08000138   Section        8  entry9a.o(.ARM.Collect$$$$0000000B)
    .ARM.Collect$$$$0000000D                 0x08000140   Section        0  entry10a.o(.ARM.Collect$$$$0000000D)
    .ARM.Collect$$$$0000000F                 0x08000140   Section        0  entry11a.o(.ARM.Collect$$$$0000000F)
    .ARM.Collect$$$$00002712                 0x08000140   Section        4  entry2.o(.ARM.Collect$$$$00002712)
    __lit__00000000                          0x08000140   Data           4  entry2.o(.ARM.Collect$$$$00002712)
    .text                                    0x08000144   Section        0  main.o(.text)
    .text                                    0x080001cc   Section        0  stm32f10x_it.o(.text)
    .text                                    0x080001e8   Section        0  system_stm32f10x.o(.text)
    SetSysClockTo72                          0x080001e9   Thumb Code   214  system_stm32f10x.o(.text)
    SetSysClock                              0x080002bf   Thumb Code     8  system_stm32f10x.o(.text)
    .text                                    0x080003c8   Section        0  beep.o(.text)
    .text                                    0x08000438   Section        0  key.o(.text)
    .text                                    0x08000844   Section        0  led.o(.text)
    .text                                    0x08000878   Section        0  timer.o(.text)
    .text                                    0x0800176c   Section        0  wdg.o(.text)
    .text                                    0x08001798   Section        0  sys_init.o(.text)
    .text                                    0x0800194c   Section        0  delay.o(.text)
    .text                                    0x08001a20   Section        0  sys.o(.text)
    .text                                    0x08001a64   Section        0  output.o(.text)
    .text                                    0x08001b28   Section        0  pwm.o(.text)
    .text                                    0x080030dc   Section        0  input.o(.text)
    .text                                    0x08003168   Section        0  action_status.o(.text)
    .text                                    0x08003de4   Section        0  network.o(.text)
    .text                                    0x08005040   Section        0  lcd_rs232.o(.text)
    .text                                    0x08005c44   Section        0  24c256.o(.text)
    .text                                    0x08006228   Section        0  misc.o(.text)
    .text                                    0x08006304   Section        0  stm32f10x_exti.o(.text)
    .text                                    0x08006420   Section        0  stm32f10x_gpio.o(.text)
    .text                                    0x0800677c   Section        0  stm32f10x_iwdg.o(.text)
    .text                                    0x080067bc   Section        0  stm32f10x_rcc.o(.text)
    .text                                    0x08006b60   Section        0  stm32f10x_tim.o(.text)
    TI4_Config                               0x08007007   Thumb Code   130  stm32f10x_tim.o(.text)
    TI3_Config                               0x0800709b   Thumb Code   122  stm32f10x_tim.o(.text)
    TI2_Config                               0x0800712f   Thumb Code   130  stm32f10x_tim.o(.text)
    TI1_Config                               0x080071c3   Thumb Code   108  stm32f10x_tim.o(.text)
    .text                                    0x0800797c   Section        0  stm32f10x_usart.o(.text)
    .text                                    0x08007d84   Section       36  startup_stm32f10x_hd.o(.text)
    .text                                    0x08007da8   Section        0  memcpya.o(.text)
    .text                                    0x08007dcc   Section        0  memseta.o(.text)
    .text                                    0x08007df0   Section        0  strlen.o(.text)
    .text                                    0x08007dfe   Section        0  fadd.o(.text)
    .text                                    0x08007eae   Section        0  fmul.o(.text)
    .text                                    0x08007f12   Section        0  fdiv.o(.text)
    .text                                    0x08007f8e   Section        0  dadd.o(.text)
    .text                                    0x080080dc   Section        0  dmul.o(.text)
    .text                                    0x080081c0   Section        0  ddiv.o(.text)
    .text                                    0x0800829e   Section        0  fflti.o(.text)
    .text                                    0x080082b0   Section        0  ffltui.o(.text)
    .text                                    0x080082ba   Section        0  dflti.o(.text)
    .text                                    0x080082dc   Section        0  dfltui.o(.text)
    .text                                    0x080082f6   Section        0  ffixui.o(.text)
    .text                                    0x0800831e   Section        0  dfixui.o(.text)
    .text                                    0x08008350   Section       48  cdcmple.o(.text)
    .text                                    0x08008380   Section        0  d2f.o(.text)
    .text                                    0x080083b8   Section       20  cfcmple.o(.text)
    .text                                    0x080083cc   Section       20  cfrcmple.o(.text)
    .text                                    0x080083e0   Section        0  llshl.o(.text)
    .text                                    0x080083fe   Section        0  llushr.o(.text)
    .text                                    0x0800841e   Section        0  llsshr.o(.text)
    .text                                    0x08008442   Section        0  fepilogue.o(.text)
    .text                                    0x08008442   Section        0  iusefp.o(.text)
    .text                                    0x080084b0   Section        0  depilogue.o(.text)
    .text                                    0x0800856c   Section       36  init.o(.text)
    .text                                    0x08008590   Section        0  __dczerorl.o(.text)
    i.__scatterload_copy                     0x080085ca   Section       14  handlers.o(i.__scatterload_copy)
    i.__scatterload_null                     0x080085d8   Section        2  handlers.o(i.__scatterload_null)
    i.__scatterload_zeroinit                 0x080085da   Section       14  handlers.o(i.__scatterload_zeroinit)
    i.free                                   0x080085e8   Section        0  malloc.o(i.free)
    i.malloc                                 0x08008638   Section        0  malloc.o(i.malloc)
    .data                                    0x20000000   Section       20  system_stm32f10x.o(.data)
    .data                                    0x20000014   Section       16  key.o(.data)
    .data                                    0x20000024   Section       20  timer.o(.data)
    .data                                    0x20000038   Section        4  delay.o(.data)
    fac_us                                   0x20000038   Data           1  delay.o(.data)
    fac_ms                                   0x2000003a   Data           2  delay.o(.data)
    .data                                    0x20000040   Section       56  pwm.o(.data)
    Y_Left_Cnt                               0x20000076   Data           1  pwm.o(.data)
    Y_Right_Cnt                              0x20000077   Data           1  pwm.o(.data)
    .data                                    0x20000078   Section       27  action_status.o(.data)
    .data                                    0x20000093   Section       12  network.o(.data)
    CheckAdd                                 0x2000009e   Data           1  network.o(.data)
    .data                                    0x200000a0   Section      110  lcd_rs232.o(.data)
    .data                                    0x20000110   Section       13  24c256.o(.data)
    WriteTimes                               0x20000111   Data           1  24c256.o(.data)
    WriteTimes                               0x20000112   Data           1  24c256.o(.data)
    length_temp                              0x20000114   Data           4  24c256.o(.data)
    WriteAddress_temp                        0x20000118   Data           4  24c256.o(.data)
    ReadTimes                                0x2000011c   Data           1  24c256.o(.data)
    .data                                    0x2000011d   Section       20  stm32f10x_rcc.o(.data)
    APBAHBPrescTable                         0x2000011d   Data          16  stm32f10x_rcc.o(.data)
    ADCPrescTable                            0x2000012d   Data           4  stm32f10x_rcc.o(.data)
    .data                                    0x20000134   Section        4  mvars.o(.data)
    .data                                    0x20000138   Section        4  mvars.o(.data)
    .bss                                     0x2000013c   Section      488  pwm.o(.bss)
    .bss                                     0x20000324   Section     2060  network.o(.bss)
    .bss                                     0x20000b30   Section      525  lcd_rs232.o(.bss)
    HEAP                                     0x20000d40   Section      512  startup_stm32f10x_hd.o(HEAP)
    STACK                                    0x20000f40   Section     1024  startup_stm32f10x_hd.o(STACK)

    Global Symbols

    Symbol Name                              Value     Ov Type        Size  Object(Section)

    BuildAttributes$$THM_ISAv4$P$D$K$B$S$PE$A:L22UL41UL21$X:L11$S22US41US21$IEEE1$IW$USESV6$~STKCKD$USESV7$~SHL$OTIME$ROPI$EBA8$MICROLIB$REQ8$PRES8$EABIv2 0x00000000   Number         0  anon$$obj.o ABSOLUTE
    __ARM_use_no_argv                        0x00000000   Number         0  main.o ABSOLUTE
    __cpp_initialize__aeabi_                  - Undefined Weak Reference
    __cxa_finalize                            - Undefined Weak Reference
    _clock_init                               - Undefined Weak Reference
    _microlib_exit                            - Undefined Weak Reference
    __Vectors_Size                           0x00000130   Number         0  startup_stm32f10x_hd.o ABSOLUTE
    __Vectors                                0x08000000   Data           4  startup_stm32f10x_hd.o(RESET)
    __Vectors_End                            0x08000130   Data           0  startup_stm32f10x_hd.o(RESET)
    __main                                   0x08000131   Thumb Code     0  entry.o(.ARM.Collect$$$$00000000)
    _main_stk                                0x08000131   Thumb Code     0  entry2.o(.ARM.Collect$$$$00000001)
    _main_scatterload                        0x08000135   Thumb Code     0  entry5.o(.ARM.Collect$$$$00000004)
    __main_after_scatterload                 0x08000139   Thumb Code     0  entry5.o(.ARM.Collect$$$$00000004)
    _main_clock                              0x08000139   Thumb Code     0  entry7b.o(.ARM.Collect$$$$00000008)
    _main_cpp_init                           0x08000139   Thumb Code     0  entry8b.o(.ARM.Collect$$$$0000000A)
    _main_init                               0x08000139   Thumb Code     0  entry9a.o(.ARM.Collect$$$$0000000B)
    __rt_final_cpp                           0x08000141   Thumb Code     0  entry10a.o(.ARM.Collect$$$$0000000D)
    __rt_final_exit                          0x08000141   Thumb Code     0  entry11a.o(.ARM.Collect$$$$0000000F)
    main                                     0x08000145   Thumb Code    84  main.o(.text)
    fputc                                    0x08000199   Thumb Code    32  main.o(.text)
    NMI_Handler                              0x080001cd   Thumb Code     2  stm32f10x_it.o(.text)
    HardFault_Handler                        0x080001cf   Thumb Code     4  stm32f10x_it.o(.text)
    MemManage_Handler                        0x080001d3   Thumb Code     4  stm32f10x_it.o(.text)
    BusFault_Handler                         0x080001d7   Thumb Code     4  stm32f10x_it.o(.text)
    UsageFault_Handler                       0x080001db   Thumb Code     4  stm32f10x_it.o(.text)
    SVC_Handler                              0x080001df   Thumb Code     2  stm32f10x_it.o(.text)
    DebugMon_Handler                         0x080001e1   Thumb Code     2  stm32f10x_it.o(.text)
    PendSV_Handler                           0x080001e3   Thumb Code     2  stm32f10x_it.o(.text)
    SysTick_Handler                          0x080001e5   Thumb Code     2  stm32f10x_it.o(.text)
    SystemInit                               0x080002c7   Thumb Code    78  system_stm32f10x.o(.text)
    SystemCoreClockUpdate                    0x08000315   Thumb Code   142  system_stm32f10x.o(.text)
    Beep_Init                                0x080003c9   Thumb Code    42  beep.o(.text)
    Beep                                     0x080003f3   Thumb Code    52  beep.o(.text)
    KEY_Init                                 0x08000439   Thumb Code    32  key.o(.text)
    Key_Scan                                 0x08000459   Thumb Code   258  key.o(.text)
    Key_Deal                                 0x0800055b   Thumb Code   574  key.o(.text)
    LED_Init                                 0x08000845   Thumb Code    46  led.o(.text)
    TIM3_Int_Init                            0x08000879   Thumb Code    90  timer.o(.text)
    TIM2_Int_Init                            0x080008d3   Thumb Code    92  timer.o(.text)
    TIM5_IRQHandler                          0x0800092f   Thumb Code  3582  timer.o(.text)
    TIM2_IRQHandler                          0x0800172d   Thumb Code    22  timer.o(.text)
    IWDG_Init                                0x0800176d   Thumb Code    36  wdg.o(.text)
    IWDG_Feed                                0x08001791   Thumb Code     8  wdg.o(.text)
    Sys_Init                                 0x08001799   Thumb Code   366  sys_init.o(.text)
    delay_init                               0x0800194d   Thumb Code    50  delay.o(.text)
    delay_us                                 0x0800197f   Thumb Code    72  delay.o(.text)
    delay_ms                                 0x080019c7   Thumb Code    72  delay.o(.text)
    NVIC_Configuration                       0x08001a21   Thumb Code    22  sys.o(.text)
    System_SoftReset                         0x08001a37   Thumb Code    38  sys.o(.text)
    GPIO_OutPut_Init                         0x08001a65   Thumb Code   176  output.o(.text)
    PWM_Init                                 0x08001b29   Thumb Code   666  pwm.o(.text)
    PWMCtrl_ARRCount                         0x08001dc3   Thumb Code    56  pwm.o(.text)
    PWM_Set_X                                0x08001dfb   Thumb Code    44  pwm.o(.text)
    PWM_Set_Y                                0x08001e27   Thumb Code    46  pwm.o(.text)
    PWM_Set_Z                                0x08001e55   Thumb Code    46  pwm.o(.text)
    StepMotorCtrl_Pulse                      0x08001e83   Thumb Code  1432  pwm.o(.text)
    Motor_MoveToPosition                     0x0800241b   Thumb Code   250  pwm.o(.text)
    Tray_Limit_Contr                         0x08002515   Thumb Code   498  pwm.o(.text)
    StepMotorCtrl_Zero_Pulse                 0x08002707   Thumb Code    26  pwm.o(.text)
    Axis_Ultra_Limit                         0x08002721   Thumb Code   404  pwm.o(.text)
    Motor_BackToZero                         0x080028b5   Thumb Code   152  pwm.o(.text)
    EXTI1_IRQHandler                         0x0800294d   Thumb Code   610  pwm.o(.text)
    EXTI0_IRQHandler                         0x08002baf   Thumb Code   658  pwm.o(.text)
    EXTI4_IRQHandler                         0x08002e41   Thumb Code   662  pwm.o(.text)
    GPIO_InPut_Init                          0x080030dd   Thumb Code   120  input.o(.text)
    Send_Sensor_Status                       0x08003155   Thumb Code     2  input.o(.text)
    Action_Stop                              0x08003169   Thumb Code    88  action_status.o(.text)
    Tray_Put_Box                             0x080031c1   Thumb Code   436  action_status.o(.text)
    XZ_Run                                   0x08003375   Thumb Code    76  action_status.o(.text)
    Length_High_LimCtl                       0x080033c1   Thumb Code    14  action_status.o(.text)
    Tray_Get_Box                             0x080033cf   Thumb Code   498  action_status.o(.text)
    Get_Box                                  0x080035c1   Thumb Code   494  action_status.o(.text)
    Put_Box                                  0x080037af   Thumb Code   522  action_status.o(.text)
    Axis_Move_Alone                          0x080039b9   Thumb Code    84  action_status.o(.text)
    XYZ_BackZero                             0x08003a0d   Thumb Code   610  action_status.o(.text)
    Get_PutBox_Analysis                      0x08003c6f   Thumb Code    30  action_status.o(.text)
    Arrive_Analysis                          0x08003c8d   Thumb Code    84  action_status.o(.text)
    Put_Box_Analysis                         0x08003ce1   Thumb Code   100  action_status.o(.text)
    Get_Box_Analysis                         0x08003d45   Thumb Code   158  action_status.o(.text)
    Uart_Send                                0x08003de5   Thumb Code   230  network.o(.text)
    Return_SendMesge                         0x08003ecb   Thumb Code    34  network.o(.text)
    USART3_Init                              0x08003eed   Thumb Code   194  network.o(.text)
    send_char                                0x08003faf   Thumb Code   134  network.o(.text)
    WIFI_Init                                0x08004035   Thumb Code   346  network.o(.text)
    Uart_Analysis                            0x0800418f   Thumb Code  3214  network.o(.text)
    USART3_IRQHandler                        0x08004e1d   Thumb Code   538  network.o(.text)
    USART2_Init                              0x08005041   Thumb Code   168  lcd_rs232.o(.text)
    USART2_printf_str                        0x080050e9   Thumb Code    28  lcd_rs232.o(.text)
    USART2_IRQHandler                        0x08005105   Thumb Code   356  lcd_rs232.o(.text)
    Uart2AskBytes                            0x08005269   Thumb Code    64  lcd_rs232.o(.text)
    ChangePage                               0x080052a9   Thumb Code    54  lcd_rs232.o(.text)
    REC_UART2_Analyze                        0x080052df   Thumb Code  1546  lcd_rs232.o(.text)
    SURE_REC_UART2_Analyze                   0x080058e9   Thumb Code   216  lcd_rs232.o(.text)
    Set_Variable                             0x080059c1   Thumb Code    86  lcd_rs232.o(.text)
    PE7OUTPUT                                0x08005a17   Thumb Code    58  lcd_rs232.o(.text)
    PE7INPUT                                 0x08005a51   Thumb Code    34  lcd_rs232.o(.text)
    All_I2C_Read                             0x08005a73   Thumb Code   154  lcd_rs232.o(.text)
    Uart2_Send_test                          0x08005b0d   Thumb Code   230  lcd_rs232.o(.text)
    I2C_delay                                0x08005c45   Thumb Code    14  24c256.o(.text)
    IIC_Init                                 0x08005c53   Thumb Code    32  24c256.o(.text)
    I2C_Start                                0x08005c73   Thumb Code    62  24c256.o(.text)
    I2C_Stop                                 0x08005cb1   Thumb Code    60  24c256.o(.text)
    I2C_Ack                                  0x08005ced   Thumb Code    46  24c256.o(.text)
    I2C_NoAck                                0x08005d1b   Thumb Code    50  24c256.o(.text)
    I2C_WaitAck                              0x08005d4d   Thumb Code    88  24c256.o(.text)
    I2C_SendByte                             0x08005da5   Thumb Code    88  24c256.o(.text)
    I2C_ReceiveByte                          0x08005dfd   Thumb Code    86  24c256.o(.text)
    I2C_BufferWrite_Onebyte                  0x08005e53   Thumb Code   154  24c256.o(.text)
    I2C_BufferWrite                          0x08005eed   Thumb Code   202  24c256.o(.text)
    I2C_PageWrite                            0x08005fb7   Thumb Code   440  24c256.o(.text)
    I2C_ReadByte                             0x0800616f   Thumb Code   176  24c256.o(.text)
    NVIC_PriorityGroupConfig                 0x08006229   Thumb Code    10  misc.o(.text)
    NVIC_Init                                0x08006233   Thumb Code   100  misc.o(.text)
    NVIC_SetVectorTable                      0x08006297   Thumb Code    14  misc.o(.text)
    NVIC_SystemLPConfig                      0x080062a5   Thumb Code    34  misc.o(.text)
    SysTick_CLKSourceConfig                  0x080062c7   Thumb Code    40  misc.o(.text)
    EXTI_DeInit                              0x08006305   Thumb Code    28  stm32f10x_exti.o(.text)
    EXTI_Init                                0x08006321   Thumb Code   142  stm32f10x_exti.o(.text)
    EXTI_StructInit                          0x080063af   Thumb Code    16  stm32f10x_exti.o(.text)
    EXTI_GenerateSWInterrupt                 0x080063bf   Thumb Code    16  stm32f10x_exti.o(.text)
    EXTI_GetFlagStatus                       0x080063cf   Thumb Code    22  stm32f10x_exti.o(.text)
    EXTI_ClearFlag                           0x080063e5   Thumb Code     8  stm32f10x_exti.o(.text)
    EXTI_GetITStatus                         0x080063ed   Thumb Code    34  stm32f10x_exti.o(.text)
    EXTI_ClearITPendingBit                   0x0800640f   Thumb Code     8  stm32f10x_exti.o(.text)
    GPIO_DeInit                              0x08006421   Thumb Code   172  stm32f10x_gpio.o(.text)
    GPIO_AFIODeInit                          0x080064cd   Thumb Code    20  stm32f10x_gpio.o(.text)
    GPIO_Init                                0x080064e1   Thumb Code   278  stm32f10x_gpio.o(.text)
    GPIO_StructInit                          0x080065f7   Thumb Code    16  stm32f10x_gpio.o(.text)
    GPIO_ReadInputDataBit                    0x08006607   Thumb Code    18  stm32f10x_gpio.o(.text)
    GPIO_ReadInputData                       0x08006619   Thumb Code     8  stm32f10x_gpio.o(.text)
    GPIO_ReadOutputDataBit                   0x08006621   Thumb Code    18  stm32f10x_gpio.o(.text)
    GPIO_ReadOutputData                      0x08006633   Thumb Code     8  stm32f10x_gpio.o(.text)
    GPIO_SetBits                             0x0800663b   Thumb Code     4  stm32f10x_gpio.o(.text)
    GPIO_ResetBits                           0x0800663f   Thumb Code     4  stm32f10x_gpio.o(.text)
    GPIO_WriteBit                            0x08006643   Thumb Code    10  stm32f10x_gpio.o(.text)
    GPIO_Write                               0x0800664d   Thumb Code     4  stm32f10x_gpio.o(.text)
    GPIO_PinLockConfig                       0x08006651   Thumb Code    18  stm32f10x_gpio.o(.text)
    GPIO_EventOutputConfig                   0x08006663   Thumb Code    26  stm32f10x_gpio.o(.text)
    GPIO_EventOutputCmd                      0x0800667d   Thumb Code     6  stm32f10x_gpio.o(.text)
    GPIO_PinRemapConfig                      0x08006683   Thumb Code   138  stm32f10x_gpio.o(.text)
    GPIO_EXTILineConfig                      0x0800670d   Thumb Code    66  stm32f10x_gpio.o(.text)
    GPIO_ETH_MediaInterfaceConfig            0x0800674f   Thumb Code     8  stm32f10x_gpio.o(.text)
    IWDG_WriteAccessCmd                      0x0800677d   Thumb Code     6  stm32f10x_iwdg.o(.text)
    IWDG_SetPrescaler                        0x08006783   Thumb Code     6  stm32f10x_iwdg.o(.text)
    IWDG_SetReload                           0x08006789   Thumb Code     6  stm32f10x_iwdg.o(.text)
    IWDG_ReloadCounter                       0x0800678f   Thumb Code    10  stm32f10x_iwdg.o(.text)
    IWDG_Enable                              0x08006799   Thumb Code    10  stm32f10x_iwdg.o(.text)
    IWDG_GetFlagStatus                       0x080067a3   Thumb Code    20  stm32f10x_iwdg.o(.text)
    RCC_DeInit                               0x080067bd   Thumb Code    64  stm32f10x_rcc.o(.text)
    RCC_HSEConfig                            0x080067fd   Thumb Code    70  stm32f10x_rcc.o(.text)
    RCC_GetFlagStatus                        0x08006843   Thumb Code    56  stm32f10x_rcc.o(.text)
    RCC_WaitForHSEStartUp                    0x0800687b   Thumb Code    56  stm32f10x_rcc.o(.text)
    RCC_AdjustHSICalibrationValue            0x080068b3   Thumb Code    20  stm32f10x_rcc.o(.text)
    RCC_HSICmd                               0x080068c7   Thumb Code     6  stm32f10x_rcc.o(.text)
    RCC_PLLConfig                            0x080068cd   Thumb Code    24  stm32f10x_rcc.o(.text)
    RCC_PLLCmd                               0x080068e5   Thumb Code     6  stm32f10x_rcc.o(.text)
    RCC_SYSCLKConfig                         0x080068eb   Thumb Code    18  stm32f10x_rcc.o(.text)
    RCC_GetSYSCLKSource                      0x080068fd   Thumb Code    10  stm32f10x_rcc.o(.text)
    RCC_HCLKConfig                           0x08006907   Thumb Code    18  stm32f10x_rcc.o(.text)
    RCC_PCLK1Config                          0x08006919   Thumb Code    18  stm32f10x_rcc.o(.text)
    RCC_PCLK2Config                          0x0800692b   Thumb Code    20  stm32f10x_rcc.o(.text)
    RCC_ITConfig                             0x0800693f   Thumb Code    26  stm32f10x_rcc.o(.text)
    RCC_USBCLKConfig                         0x08006959   Thumb Code     8  stm32f10x_rcc.o(.text)
    RCC_ADCCLKConfig                         0x08006961   Thumb Code    18  stm32f10x_rcc.o(.text)
    RCC_LSEConfig                            0x08006973   Thumb Code    50  stm32f10x_rcc.o(.text)
    RCC_LSICmd                               0x080069a5   Thumb Code     6  stm32f10x_rcc.o(.text)
    RCC_RTCCLKConfig                         0x080069ab   Thumb Code    12  stm32f10x_rcc.o(.text)
    RCC_RTCCLKCmd                            0x080069b7   Thumb Code     8  stm32f10x_rcc.o(.text)
    RCC_GetClocksFreq                        0x080069bf   Thumb Code   192  stm32f10x_rcc.o(.text)
    RCC_AHBPeriphClockCmd                    0x08006a7f   Thumb Code    26  stm32f10x_rcc.o(.text)
    RCC_APB2PeriphClockCmd                   0x08006a99   Thumb Code    26  stm32f10x_rcc.o(.text)
    RCC_APB1PeriphClockCmd                   0x08006ab3   Thumb Code    26  stm32f10x_rcc.o(.text)
    RCC_APB2PeriphResetCmd                   0x08006acd   Thumb Code    26  stm32f10x_rcc.o(.text)
    RCC_APB1PeriphResetCmd                   0x08006ae7   Thumb Code    26  stm32f10x_rcc.o(.text)
    RCC_BackupResetCmd                       0x08006b01   Thumb Code     8  stm32f10x_rcc.o(.text)
    RCC_ClockSecuritySystemCmd               0x08006b09   Thumb Code     6  stm32f10x_rcc.o(.text)
    RCC_MCOConfig                            0x08006b0f   Thumb Code     6  stm32f10x_rcc.o(.text)
    RCC_ClearFlag                            0x08006b15   Thumb Code    14  stm32f10x_rcc.o(.text)
    RCC_GetITStatus                          0x08006b23   Thumb Code    20  stm32f10x_rcc.o(.text)
    RCC_ClearITPendingBit                    0x08006b37   Thumb Code     6  stm32f10x_rcc.o(.text)
    TIM_DeInit                               0x08006b61   Thumb Code   424  stm32f10x_tim.o(.text)
    TIM_TimeBaseInit                         0x08006d09   Thumb Code   122  stm32f10x_tim.o(.text)
    TIM_OC1Init                              0x08006d83   Thumb Code   132  stm32f10x_tim.o(.text)
    TIM_OC2Init                              0x08006e07   Thumb Code   154  stm32f10x_tim.o(.text)
    TIM_OC3Init                              0x08006ea1   Thumb Code   150  stm32f10x_tim.o(.text)
    TIM_OC4Init                              0x08006f37   Thumb Code   182  stm32f10x_tim.o(.text)
    TIM_SetIC4Prescaler                      0x08006fed   Thumb Code    26  stm32f10x_tim.o(.text)
    TIM_SetIC3Prescaler                      0x08007089   Thumb Code    18  stm32f10x_tim.o(.text)
    TIM_SetIC2Prescaler                      0x08007115   Thumb Code    26  stm32f10x_tim.o(.text)
    TIM_SetIC1Prescaler                      0x080071b1   Thumb Code    18  stm32f10x_tim.o(.text)
    TIM_ICInit                               0x0800722f   Thumb Code   150  stm32f10x_tim.o(.text)
    TIM_PWMIConfig                           0x080072c5   Thumb Code   124  stm32f10x_tim.o(.text)
    TIM_BDTRConfig                           0x08007341   Thumb Code    32  stm32f10x_tim.o(.text)
    TIM_TimeBaseStructInit                   0x08007361   Thumb Code    18  stm32f10x_tim.o(.text)
    TIM_OCStructInit                         0x08007373   Thumb Code    20  stm32f10x_tim.o(.text)
    TIM_ICStructInit                         0x08007387   Thumb Code    18  stm32f10x_tim.o(.text)
    TIM_BDTRStructInit                       0x08007399   Thumb Code    40  stm32f10x_tim.o(.text)
    TIM_Cmd                                  0x080073c1   Thumb Code    24  stm32f10x_tim.o(.text)
    TIM_CtrlPWMOutputs                       0x080073d9   Thumb Code    30  stm32f10x_tim.o(.text)
    TIM_ITConfig                             0x080073f7   Thumb Code    18  stm32f10x_tim.o(.text)
    TIM_GenerateEvent                        0x08007409   Thumb Code     4  stm32f10x_tim.o(.text)
    TIM_DMAConfig                            0x0800740d   Thumb Code    10  stm32f10x_tim.o(.text)
    TIM_DMACmd                               0x08007417   Thumb Code    18  stm32f10x_tim.o(.text)
    TIM_InternalClockConfig                  0x08007429   Thumb Code    12  stm32f10x_tim.o(.text)
    TIM_SelectInputTrigger                   0x08007435   Thumb Code    18  stm32f10x_tim.o(.text)
    TIM_ITRxExternalClockConfig              0x08007447   Thumb Code    24  stm32f10x_tim.o(.text)
    TIM_TIxExternalClockConfig               0x0800745f   Thumb Code    62  stm32f10x_tim.o(.text)
    TIM_ETRConfig                            0x0800749d   Thumb Code    28  stm32f10x_tim.o(.text)
    TIM_ETRClockMode1Config                  0x080074b9   Thumb Code    54  stm32f10x_tim.o(.text)
    TIM_ETRClockMode2Config                  0x080074ef   Thumb Code    32  stm32f10x_tim.o(.text)
    TIM_PrescalerConfig                      0x0800750f   Thumb Code     6  stm32f10x_tim.o(.text)
    TIM_CounterModeConfig                    0x08007515   Thumb Code    18  stm32f10x_tim.o(.text)
    TIM_EncoderInterfaceConfig               0x08007527   Thumb Code    66  stm32f10x_tim.o(.text)
    TIM_ForcedOC1Config                      0x08007569   Thumb Code    18  stm32f10x_tim.o(.text)
    TIM_ForcedOC2Config                      0x0800757b   Thumb Code    26  stm32f10x_tim.o(.text)
    TIM_ForcedOC3Config                      0x08007595   Thumb Code    18  stm32f10x_tim.o(.text)
    TIM_ForcedOC4Config                      0x080075a7   Thumb Code    26  stm32f10x_tim.o(.text)
    TIM_ARRPreloadConfig                     0x080075c1   Thumb Code    24  stm32f10x_tim.o(.text)
    TIM_SelectCOM                            0x080075d9   Thumb Code    24  stm32f10x_tim.o(.text)
    TIM_SelectCCDMA                          0x080075f1   Thumb Code    24  stm32f10x_tim.o(.text)
    TIM_CCPreloadControl                     0x08007609   Thumb Code    24  stm32f10x_tim.o(.text)
    TIM_OC1PreloadConfig                     0x08007621   Thumb Code    18  stm32f10x_tim.o(.text)
    TIM_OC2PreloadConfig                     0x08007633   Thumb Code    26  stm32f10x_tim.o(.text)
    TIM_OC3PreloadConfig                     0x0800764d   Thumb Code    18  stm32f10x_tim.o(.text)
    TIM_OC4PreloadConfig                     0x0800765f   Thumb Code    26  stm32f10x_tim.o(.text)
    TIM_OC1FastConfig                        0x08007679   Thumb Code    18  stm32f10x_tim.o(.text)
    TIM_OC2FastConfig                        0x0800768b   Thumb Code    26  stm32f10x_tim.o(.text)
    TIM_OC3FastConfig                        0x080076a5   Thumb Code    18  stm32f10x_tim.o(.text)
    TIM_OC4FastConfig                        0x080076b7   Thumb Code    26  stm32f10x_tim.o(.text)
    TIM_ClearOC1Ref                          0x080076d1   Thumb Code    18  stm32f10x_tim.o(.text)
    TIM_ClearOC2Ref                          0x080076e3   Thumb Code    24  stm32f10x_tim.o(.text)
    TIM_ClearOC3Ref                          0x080076fb   Thumb Code    18  stm32f10x_tim.o(.text)
    TIM_ClearOC4Ref                          0x0800770d   Thumb Code    24  stm32f10x_tim.o(.text)
    TIM_OC1PolarityConfig                    0x08007725   Thumb Code    18  stm32f10x_tim.o(.text)
    TIM_OC1NPolarityConfig                   0x08007737   Thumb Code    18  stm32f10x_tim.o(.text)
    TIM_OC2PolarityConfig                    0x08007749   Thumb Code    26  stm32f10x_tim.o(.text)
    TIM_OC2NPolarityConfig                   0x08007763   Thumb Code    26  stm32f10x_tim.o(.text)
    TIM_OC3PolarityConfig                    0x0800777d   Thumb Code    26  stm32f10x_tim.o(.text)
    TIM_OC3NPolarityConfig                   0x08007797   Thumb Code    26  stm32f10x_tim.o(.text)
    TIM_OC4PolarityConfig                    0x080077b1   Thumb Code    26  stm32f10x_tim.o(.text)
    TIM_CCxCmd                               0x080077cb   Thumb Code    30  stm32f10x_tim.o(.text)
    TIM_CCxNCmd                              0x080077e9   Thumb Code    30  stm32f10x_tim.o(.text)
    TIM_SelectOCxM                           0x08007807   Thumb Code    82  stm32f10x_tim.o(.text)
    TIM_UpdateDisableConfig                  0x08007859   Thumb Code    24  stm32f10x_tim.o(.text)
    TIM_UpdateRequestConfig                  0x08007871   Thumb Code    24  stm32f10x_tim.o(.text)
    TIM_SelectHallSensor                     0x08007889   Thumb Code    24  stm32f10x_tim.o(.text)
    TIM_SelectOnePulseMode                   0x080078a1   Thumb Code    18  stm32f10x_tim.o(.text)
    TIM_SelectOutputTrigger                  0x080078b3   Thumb Code    18  stm32f10x_tim.o(.text)
    TIM_SelectSlaveMode                      0x080078c5   Thumb Code    18  stm32f10x_tim.o(.text)
    TIM_SelectMasterSlaveMode                0x080078d7   Thumb Code    18  stm32f10x_tim.o(.text)
    TIM_SetCounter                           0x080078e9   Thumb Code     4  stm32f10x_tim.o(.text)
    TIM_SetAutoreload                        0x080078ed   Thumb Code     4  stm32f10x_tim.o(.text)
    TIM_SetCompare1                          0x080078f1   Thumb Code     4  stm32f10x_tim.o(.text)
    TIM_SetCompare2                          0x080078f5   Thumb Code     4  stm32f10x_tim.o(.text)
    TIM_SetCompare3                          0x080078f9   Thumb Code     4  stm32f10x_tim.o(.text)
    TIM_SetCompare4                          0x080078fd   Thumb Code     6  stm32f10x_tim.o(.text)
    TIM_SetClockDivision                     0x08007903   Thumb Code    18  stm32f10x_tim.o(.text)
    TIM_GetCapture1                          0x08007915   Thumb Code     6  stm32f10x_tim.o(.text)
    TIM_GetCapture2                          0x0800791b   Thumb Code     6  stm32f10x_tim.o(.text)
    TIM_GetCapture3                          0x08007921   Thumb Code     6  stm32f10x_tim.o(.text)
    TIM_GetCapture4                          0x08007927   Thumb Code     8  stm32f10x_tim.o(.text)
    TIM_GetCounter                           0x0800792f   Thumb Code     6  stm32f10x_tim.o(.text)
    TIM_GetPrescaler                         0x08007935   Thumb Code     6  stm32f10x_tim.o(.text)
    TIM_GetFlagStatus                        0x0800793b   Thumb Code    18  stm32f10x_tim.o(.text)
    TIM_ClearFlag                            0x0800794d   Thumb Code     6  stm32f10x_tim.o(.text)
    TIM_GetITStatus                          0x08007953   Thumb Code    34  stm32f10x_tim.o(.text)
    TIM_ClearITPendingBit                    0x08007975   Thumb Code     6  stm32f10x_tim.o(.text)
    USART_DeInit                             0x0800797d   Thumb Code   134  stm32f10x_usart.o(.text)
    USART_Init                               0x08007a03   Thumb Code   210  stm32f10x_usart.o(.text)
    USART_StructInit                         0x08007ad5   Thumb Code    24  stm32f10x_usart.o(.text)
    USART_ClockInit                          0x08007aed   Thumb Code    34  stm32f10x_usart.o(.text)
    USART_ClockStructInit                    0x08007b0f   Thumb Code    12  stm32f10x_usart.o(.text)
    USART_Cmd                                0x08007b1b   Thumb Code    24  stm32f10x_usart.o(.text)
    USART_ITConfig                           0x08007b33   Thumb Code    74  stm32f10x_usart.o(.text)
    USART_DMACmd                             0x08007b7d   Thumb Code    18  stm32f10x_usart.o(.text)
    USART_SetAddress                         0x08007b8f   Thumb Code    18  stm32f10x_usart.o(.text)
    USART_WakeUpConfig                       0x08007ba1   Thumb Code    18  stm32f10x_usart.o(.text)
    USART_ReceiverWakeUpCmd                  0x08007bb3   Thumb Code    24  stm32f10x_usart.o(.text)
    USART_LINBreakDetectLengthConfig         0x08007bcb   Thumb Code    18  stm32f10x_usart.o(.text)
    USART_LINCmd                             0x08007bdd   Thumb Code    24  stm32f10x_usart.o(.text)
    USART_SendData                           0x08007bf5   Thumb Code     8  stm32f10x_usart.o(.text)
    USART_ReceiveData                        0x08007bfd   Thumb Code    10  stm32f10x_usart.o(.text)
    USART_SendBreak                          0x08007c07   Thumb Code    10  stm32f10x_usart.o(.text)
    USART_SetGuardTime                       0x08007c11   Thumb Code    16  stm32f10x_usart.o(.text)
    USART_SetPrescaler                       0x08007c21   Thumb Code    16  stm32f10x_usart.o(.text)
    USART_SmartCardCmd                       0x08007c31   Thumb Code    24  stm32f10x_usart.o(.text)
    USART_SmartCardNACKCmd                   0x08007c49   Thumb Code    24  stm32f10x_usart.o(.text)
    USART_HalfDuplexCmd                      0x08007c61   Thumb Code    24  stm32f10x_usart.o(.text)
    USART_OverSampling8Cmd                   0x08007c79   Thumb Code    22  stm32f10x_usart.o(.text)
    USART_OneBitMethodCmd                    0x08007c8f   Thumb Code    24  stm32f10x_usart.o(.text)
    USART_IrDAConfig                         0x08007ca7   Thumb Code    18  stm32f10x_usart.o(.text)
    USART_IrDACmd                            0x08007cb9   Thumb Code    24  stm32f10x_usart.o(.text)
    USART_GetFlagStatus                      0x08007cd1   Thumb Code    26  stm32f10x_usart.o(.text)
    USART_ClearFlag                          0x08007ceb   Thumb Code    18  stm32f10x_usart.o(.text)
    USART_GetITStatus                        0x08007cfd   Thumb Code    84  stm32f10x_usart.o(.text)
    USART_ClearITPendingBit                  0x08007d51   Thumb Code    52  stm32f10x_usart.o(.text)
    Reset_Handler                            0x08007d85   Thumb Code     8  startup_stm32f10x_hd.o(.text)
    ADC1_2_IRQHandler                        0x08007d9f   Thumb Code     0  startup_stm32f10x_hd.o(.text)
    ADC3_IRQHandler                          0x08007d9f   Thumb Code     0  startup_stm32f10x_hd.o(.text)
    CAN1_RX1_IRQHandler                      0x08007d9f   Thumb Code     0  startup_stm32f10x_hd.o(.text)
    CAN1_SCE_IRQHandler                      0x08007d9f   Thumb Code     0  startup_stm32f10x_hd.o(.text)
    DMA1_Channel1_IRQHandler                 0x08007d9f   Thumb Code     0  startup_stm32f10x_hd.o(.text)
    DMA1_Channel2_IRQHandler                 0x08007d9f   Thumb Code     0  startup_stm32f10x_hd.o(.text)
    DMA1_Channel3_IRQHandler                 0x08007d9f   Thumb Code     0  startup_stm32f10x_hd.o(.text)
    DMA1_Channel4_IRQHandler                 0x08007d9f   Thumb Code     0  startup_stm32f10x_hd.o(.text)
    DMA1_Channel5_IRQHandler                 0x08007d9f   Thumb Code     0  startup_stm32f10x_hd.o(.text)
    DMA1_Channel6_IRQHandler                 0x08007d9f   Thumb Code     0  startup_stm32f10x_hd.o(.text)
    DMA1_Channel7_IRQHandler                 0x08007d9f   Thumb Code     0  startup_stm32f10x_hd.o(.text)
    DMA2_Channel1_IRQHandler                 0x08007d9f   Thumb Code     0  startup_stm32f10x_hd.o(.text)
    DMA2_Channel2_IRQHandler                 0x08007d9f   Thumb Code     0  startup_stm32f10x_hd.o(.text)
    DMA2_Channel3_IRQHandler                 0x08007d9f   Thumb Code     0  startup_stm32f10x_hd.o(.text)
    DMA2_Channel4_5_IRQHandler               0x08007d9f   Thumb Code     0  startup_stm32f10x_hd.o(.text)
    EXTI15_10_IRQHandler                     0x08007d9f   Thumb Code     0  startup_stm32f10x_hd.o(.text)
    EXTI2_IRQHandler                         0x08007d9f   Thumb Code     0  startup_stm32f10x_hd.o(.text)
    EXTI3_IRQHandler                         0x08007d9f   Thumb Code     0  startup_stm32f10x_hd.o(.text)
    EXTI9_5_IRQHandler                       0x08007d9f   Thumb Code     0  startup_stm32f10x_hd.o(.text)
    FLASH_IRQHandler                         0x08007d9f   Thumb Code     0  startup_stm32f10x_hd.o(.text)
    FSMC_IRQHandler                          0x08007d9f   Thumb Code     0  startup_stm32f10x_hd.o(.text)
    I2C1_ER_IRQHandler                       0x08007d9f   Thumb Code     0  startup_stm32f10x_hd.o(.text)
    I2C1_EV_IRQHandler                       0x08007d9f   Thumb Code     0  startup_stm32f10x_hd.o(.text)
    I2C2_ER_IRQHandler                       0x08007d9f   Thumb Code     0  startup_stm32f10x_hd.o(.text)
    I2C2_EV_IRQHandler                       0x08007d9f   Thumb Code     0  startup_stm32f10x_hd.o(.text)
    PVD_IRQHandler                           0x08007d9f   Thumb Code     0  startup_stm32f10x_hd.o(.text)
    RCC_IRQHandler                           0x08007d9f   Thumb Code     0  startup_stm32f10x_hd.o(.text)
    RTCAlarm_IRQHandler                      0x08007d9f   Thumb Code     0  startup_stm32f10x_hd.o(.text)
    RTC_IRQHandler                           0x08007d9f   Thumb Code     0  startup_stm32f10x_hd.o(.text)
    SDIO_IRQHandler                          0x08007d9f   Thumb Code     0  startup_stm32f10x_hd.o(.text)
    SPI1_IRQHandler                          0x08007d9f   Thumb Code     0  startup_stm32f10x_hd.o(.text)
    SPI2_IRQHandler                          0x08007d9f   Thumb Code     0  startup_stm32f10x_hd.o(.text)
    SPI3_IRQHandler                          0x08007d9f   Thumb Code     0  startup_stm32f10x_hd.o(.text)
    TAMPER_IRQHandler                        0x08007d9f   Thumb Code     0  startup_stm32f10x_hd.o(.text)
    TIM1_BRK_IRQHandler                      0x08007d9f   Thumb Code     0  startup_stm32f10x_hd.o(.text)
    TIM1_CC_IRQHandler                       0x08007d9f   Thumb Code     0  startup_stm32f10x_hd.o(.text)
    TIM1_TRG_COM_IRQHandler                  0x08007d9f   Thumb Code     0  startup_stm32f10x_hd.o(.text)
    TIM1_UP_IRQHandler                       0x08007d9f   Thumb Code     0  startup_stm32f10x_hd.o(.text)
    TIM3_IRQHandler                          0x08007d9f   Thumb Code     0  startup_stm32f10x_hd.o(.text)
    TIM4_IRQHandler                          0x08007d9f   Thumb Code     0  startup_stm32f10x_hd.o(.text)
    TIM6_IRQHandler                          0x08007d9f   Thumb Code     0  startup_stm32f10x_hd.o(.text)
    TIM7_IRQHandler                          0x08007d9f   Thumb Code     0  startup_stm32f10x_hd.o(.text)
    TIM8_BRK_IRQHandler                      0x08007d9f   Thumb Code     0  startup_stm32f10x_hd.o(.text)
    TIM8_CC_IRQHandler                       0x08007d9f   Thumb Code     0  startup_stm32f10x_hd.o(.text)
    TIM8_TRG_COM_IRQHandler                  0x08007d9f   Thumb Code     0  startup_stm32f10x_hd.o(.text)
    TIM8_UP_IRQHandler                       0x08007d9f   Thumb Code     0  startup_stm32f10x_hd.o(.text)
    UART4_IRQHandler                         0x08007d9f   Thumb Code     0  startup_stm32f10x_hd.o(.text)
    UART5_IRQHandler                         0x08007d9f   Thumb Code     0  startup_stm32f10x_hd.o(.text)
    USART1_IRQHandler                        0x08007d9f   Thumb Code     0  startup_stm32f10x_hd.o(.text)
    USBWakeUp_IRQHandler                     0x08007d9f   Thumb Code     0  startup_stm32f10x_hd.o(.text)
    USB_HP_CAN1_TX_IRQHandler                0x08007d9f   Thumb Code     0  startup_stm32f10x_hd.o(.text)
    USB_LP_CAN1_RX0_IRQHandler               0x08007d9f   Thumb Code     0  startup_stm32f10x_hd.o(.text)
    WWDG_IRQHandler                          0x08007d9f   Thumb Code     0  startup_stm32f10x_hd.o(.text)
    __aeabi_memcpy                           0x08007da9   Thumb Code    36  memcpya.o(.text)
    __aeabi_memcpy4                          0x08007da9   Thumb Code     0  memcpya.o(.text)
    __aeabi_memcpy8                          0x08007da9   Thumb Code     0  memcpya.o(.text)
    __aeabi_memset                           0x08007dcd   Thumb Code    14  memseta.o(.text)
    __aeabi_memset4                          0x08007dcd   Thumb Code     0  memseta.o(.text)
    __aeabi_memset8                          0x08007dcd   Thumb Code     0  memseta.o(.text)
    __aeabi_memclr                           0x08007ddb   Thumb Code     4  memseta.o(.text)
    __aeabi_memclr4                          0x08007ddb   Thumb Code     0  memseta.o(.text)
    __aeabi_memclr8                          0x08007ddb   Thumb Code     0  memseta.o(.text)
    _memset$wrapper                          0x08007ddf   Thumb Code    18  memseta.o(.text)
    strlen                                   0x08007df1   Thumb Code    14  strlen.o(.text)
    __aeabi_fadd                             0x08007dff   Thumb Code   164  fadd.o(.text)
    __aeabi_fsub                             0x08007ea3   Thumb Code     6  fadd.o(.text)
    __aeabi_frsub                            0x08007ea9   Thumb Code     6  fadd.o(.text)
    __aeabi_fmul                             0x08007eaf   Thumb Code   100  fmul.o(.text)
    __aeabi_fdiv                             0x08007f13   Thumb Code   124  fdiv.o(.text)
    __aeabi_dadd                             0x08007f8f   Thumb Code   322  dadd.o(.text)
    __aeabi_dsub                             0x080080d1   Thumb Code     6  dadd.o(.text)
    __aeabi_drsub                            0x080080d7   Thumb Code     6  dadd.o(.text)
    __aeabi_dmul                             0x080080dd   Thumb Code   228  dmul.o(.text)
    __aeabi_ddiv                             0x080081c1   Thumb Code   222  ddiv.o(.text)
    __aeabi_i2f                              0x0800829f   Thumb Code    18  fflti.o(.text)
    __aeabi_ui2f                             0x080082b1   Thumb Code    10  ffltui.o(.text)
    __aeabi_i2d                              0x080082bb   Thumb Code    34  dflti.o(.text)
    __aeabi_ui2d                             0x080082dd   Thumb Code    26  dfltui.o(.text)
    __aeabi_f2uiz                            0x080082f7   Thumb Code    40  ffixui.o(.text)
    __aeabi_d2uiz                            0x0800831f   Thumb Code    50  dfixui.o(.text)
    __aeabi_cdcmpeq                          0x08008351   Thumb Code     0  cdcmple.o(.text)
    __aeabi_cdcmple                          0x08008351   Thumb Code    48  cdcmple.o(.text)
    __aeabi_d2f                              0x08008381   Thumb Code    56  d2f.o(.text)
    __aeabi_cfcmpeq                          0x080083b9   Thumb Code     0  cfcmple.o(.text)
    __aeabi_cfcmple                          0x080083b9   Thumb Code    20  cfcmple.o(.text)
    __aeabi_cfrcmple                         0x080083cd   Thumb Code    20  cfrcmple.o(.text)
    __aeabi_llsl                             0x080083e1   Thumb Code    30  llshl.o(.text)
    _ll_shift_l                              0x080083e1   Thumb Code     0  llshl.o(.text)
    __aeabi_llsr                             0x080083ff   Thumb Code    32  llushr.o(.text)
    _ll_ushift_r                             0x080083ff   Thumb Code     0  llushr.o(.text)
    __aeabi_lasr                             0x0800841f   Thumb Code    36  llsshr.o(.text)
    _ll_sshift_r                             0x0800841f   Thumb Code     0  llsshr.o(.text)
    __I$use$fp                               0x08008443   Thumb Code     0  iusefp.o(.text)
    _float_round                             0x08008443   Thumb Code    18  fepilogue.o(.text)
    _float_epilogue                          0x08008455   Thumb Code    92  fepilogue.o(.text)
    _double_round                            0x080084b1   Thumb Code    30  depilogue.o(.text)
    _double_epilogue                         0x080084cf   Thumb Code   156  depilogue.o(.text)
    __scatterload                            0x0800856d   Thumb Code    28  init.o(.text)
    __scatterload_rt2                        0x0800856d   Thumb Code     0  init.o(.text)
    __decompress                             0x08008591   Thumb Code     0  __dczerorl.o(.text)
    __decompress0                            0x08008591   Thumb Code    58  __dczerorl.o(.text)
    __scatterload_copy                       0x080085cb   Thumb Code    14  handlers.o(i.__scatterload_copy)
    __scatterload_null                       0x080085d9   Thumb Code     2  handlers.o(i.__scatterload_null)
    __scatterload_zeroinit                   0x080085db   Thumb Code    14  handlers.o(i.__scatterload_zeroinit)
    free                                     0x080085e9   Thumb Code    76  malloc.o(i.free)
    malloc                                   0x08008639   Thumb Code    92  malloc.o(i.malloc)
    Region$$Table$$Base                      0x080086a4   Number         0  anon$$obj.o(Region$$Table)
    Region$$Table$$Limit                     0x080086c4   Number         0  anon$$obj.o(Region$$Table)
    SystemCoreClock                          0x20000000   Data           4  system_stm32f10x.o(.data)
    AHBPrescTable                            0x20000004   Data          16  system_stm32f10x.o(.data)
    Key_press_flag                           0x20000014   Data           1  key.o(.data)
    KEY1_flag                                0x20000015   Data           1  key.o(.data)
    KEY2_flag                                0x20000016   Data           1  key.o(.data)
    KEY3_flag                                0x20000017   Data           1  key.o(.data)
    KEY4_flag                                0x20000018   Data           1  key.o(.data)
    KEY5_flag                                0x20000019   Data           1  key.o(.data)
    KEY6_flag                                0x2000001a   Data           1  key.o(.data)
    KEY7_flag                                0x2000001b   Data           1  key.o(.data)
    KEY8_flag                                0x2000001c   Data           1  key.o(.data)
    Bottle_Judge_Record                      0x2000001d   Data           1  key.o(.data)
    TEST_MODE                                0x2000001e   Data           1  key.o(.data)
    TEST_MODE_SAVE                           0x2000001f   Data           1  key.o(.data)
    Bottle_Judge_Mode                        0x20000020   Data           1  key.o(.data)
    Time_PushRod_Ctrl                        0x20000022   Data           2  key.o(.data)
    IC_RevTime                               0x20000024   Data           2  timer.o(.data)
    ReadSensorTime_100ms                     0x20000026   Data           2  timer.o(.data)
    Timer_TestModeFlash                      0x20000028   Data           2  timer.o(.data)
    TestModeFlash_count                      0x2000002a   Data           1  timer.o(.data)
    Timer_10s_flag                           0x2000002b   Data           1  timer.o(.data)
    Timer_1ms_flag                           0x2000002c   Data           1  timer.o(.data)
    Timer_5s_flag                            0x2000002d   Data           1  timer.o(.data)
    test_add                                 0x2000002e   Data           1  timer.o(.data)
    DelayTimes_ms                            0x20000030   Data           2  timer.o(.data)
    W5500_Send_Delay_Counter                 0x20000034   Data           4  timer.o(.data)
    X_Zero_Pluse                             0x20000040   Data           4  pwm.o(.data)
    X_MPP                                    0x20000048   Data           8  pwm.o(.data)
    Z_MPP                                    0x20000050   Data           8  pwm.o(.data)
    Y_RightZero_Pluse                        0x20000058   Data           4  pwm.o(.data)
    Y_LeftZero_Pluse                         0x2000005c   Data           4  pwm.o(.data)
    Y_LeftTrayPluse                          0x20000060   Data           4  pwm.o(.data)
    Y_LeftLim_MorePluse                      0x20000064   Data           4  pwm.o(.data)
    Y_LeftLim_LessPluse                      0x20000068   Data           4  pwm.o(.data)
    Y_RightLim_MorePluse                     0x2000006c   Data           4  pwm.o(.data)
    Y_RightLim_LessPluse                     0x20000070   Data           4  pwm.o(.data)
    X_ZEROFLAG                               0x20000074   Data           1  pwm.o(.data)
    Motor_CtrlOver_Flag                      0x20000075   Data           1  pwm.o(.data)
    First_Goods_Height                       0x20000078   Data           4  action_status.o(.data)
    Plat_Axis_Z                              0x2000007c   Data           4  action_status.o(.data)
    Plat_Axis_X                              0x20000080   Data           4  action_status.o(.data)
    AxisZ_UpDown_Pluse                       0x20000084   Data           4  action_status.o(.data)
    AxisZ_UpDownMore_Pluse                   0x20000088   Data           4  action_status.o(.data)
    XYZ_To_Zero                              0x2000008c   Data           6  action_status.o(.data)
    Last_AxisY_Dir                           0x20000092   Data           1  action_status.o(.data)
    Reset_Flag                               0x20000093   Data           1  network.o(.data)
    Set_flag                                 0x20000094   Data           1  network.o(.data)
    Current_Position_Buff                    0x20000095   Data           8  network.o(.data)
    Cache_Cnt                                0x2000009d   Data           1  network.o(.data)
    R_right                                  0x200000a0   Data           1  lcd_rs232.o(.data)
    X_Row                                    0x200000a4   Data           4  lcd_rs232.o(.data)
    Z_Column                                 0x200000a8   Data           4  lcd_rs232.o(.data)
    X_Run                                    0x200000ac   Data           4  lcd_rs232.o(.data)
    Z_Run                                    0x200000b0   Data           4  lcd_rs232.o(.data)
    Tray_Property                            0x200000b4   Data           1  lcd_rs232.o(.data)
    Box_Property                             0x200000b5   Data           1  lcd_rs232.o(.data)
    Change_X_Zero_Pluse                      0x200000b8   Data           4  lcd_rs232.o(.data)
    Change_X_MPP                             0x200000c0   Data           8  lcd_rs232.o(.data)
    Change_First_Goods_Height                0x200000c8   Data           4  lcd_rs232.o(.data)
    Change_Z_MPP                             0x200000d0   Data           8  lcd_rs232.o(.data)
    Change_Plat_Axis_Z                       0x200000d8   Data           4  lcd_rs232.o(.data)
    Change_Plat_Axis_X                       0x200000dc   Data           4  lcd_rs232.o(.data)
    Change_Y_RightZero_Pluse                 0x200000e0   Data           4  lcd_rs232.o(.data)
    Change_Y_LeftZero_Pluse                  0x200000e4   Data           4  lcd_rs232.o(.data)
    Change_Y_LeftTrayPluse                   0x200000e8   Data           4  lcd_rs232.o(.data)
    Change_Y_LeftLim_MorePluse               0x200000ec   Data           4  lcd_rs232.o(.data)
    Change_Y_LeftLim_LessPluse               0x200000f0   Data           4  lcd_rs232.o(.data)
    Change_Y_RightLim_MorePluse              0x200000f4   Data           4  lcd_rs232.o(.data)
    Change_Y_RightLim_LessPluse              0x200000f8   Data           4  lcd_rs232.o(.data)
    Change_AxisZ_UpDownMore_Pluse            0x200000fc   Data           4  lcd_rs232.o(.data)
    Change_AxisZ_UpDown_Pluse                0x20000100   Data           4  lcd_rs232.o(.data)
    recflag                                  0x20000104   Data           1  lcd_rs232.o(.data)
    reclenth                                 0x20000108   Data           4  lcd_rs232.o(.data)
    recbuff                                  0x2000010c   Data           1  lcd_rs232.o(.data)
    check_temp                               0x2000010d   Data           1  lcd_rs232.o(.data)
    IDcard_data                              0x20000110   Data           1  24c256.o(.data)
    __microlib_freelist                      0x20000134   Data           4  mvars.o(.data)
    __microlib_freelist_initialised          0x20000138   Data           4  mvars.o(.data)
    TIM_OCInitStructure                      0x2000013c   Data          16  pwm.o(.bss)
    TIM_TimeBaseStructure                    0x2000014c   Data          10  pwm.o(.bss)
    Axis_X                                   0x20000158   Data         144  pwm.o(.bss)
    Axis_Z                                   0x200001e8   Data         144  pwm.o(.bss)
    Axis_Y                                   0x20000278   Data         144  pwm.o(.bss)
    Action                                   0x20000308   Data          28  pwm.o(.bss)
    Uart3                                    0x20000324   Data        2060  network.o(.bss)
    Uart2Buff                                0x20000b30   Data         525  lcd_rs232.o(.bss)
    __heap_base                              0x20000d40   Data           0  startup_stm32f10x_hd.o(HEAP)
    __heap_limit                             0x20000f40   Data           0  startup_stm32f10x_hd.o(HEAP)
    __initial_sp                             0x20001340   Data           0  startup_stm32f10x_hd.o(STACK)



==============================================================================

Memory Map of the image

  Image Entry point : 0x08000131

  Load Region LR_IROM1 (Base: 0x08000000, Size: 0x00008800, Max: 0x00040000, ABSOLUTE, COMPRESSED[0x000086f0])

    Execution Region ER_IROM1 (Exec base: 0x08000000, Load base: 0x08000000, Size: 0x000086c4, Max: 0x00040000, ABSOLUTE)

    Exec Addr    Load Addr    Size         Type   Attr      Idx    E Section Name        Object

    0x08000000   0x08000000   0x00000130   Data   RO          780    RESET               startup_stm32f10x_hd.o
    0x08000130   0x08000130   0x00000000   Code   RO          785  * .ARM.Collect$$$$00000000  mc_w.l(entry.o)
    0x08000130   0x08000130   0x00000004   Code   RO          856    .ARM.Collect$$$$00000001  mc_w.l(entry2.o)
    0x08000134   0x08000134   0x00000004   Code   RO          859    .ARM.Collect$$$$00000004  mc_w.l(entry5.o)
    0x08000138   0x08000138   0x00000000   Code   RO          861    .ARM.Collect$$$$00000008  mc_w.l(entry7b.o)
    0x08000138   0x08000138   0x00000000   Code   RO          863    .ARM.Collect$$$$0000000A  mc_w.l(entry8b.o)
    0x08000138   0x08000138   0x00000008   Code   RO          864    .ARM.Collect$$$$0000000B  mc_w.l(entry9a.o)
    0x08000140   0x08000140   0x00000000   Code   RO          866    .ARM.Collect$$$$0000000D  mc_w.l(entry10a.o)
    0x08000140   0x08000140   0x00000000   Code   RO          868    .ARM.Collect$$$$0000000F  mc_w.l(entry11a.o)
    0x08000140   0x08000140   0x00000004   Code   RO          857    .ARM.Collect$$$$00002712  mc_w.l(entry2.o)
    0x08000144   0x08000144   0x00000088   Code   RO            1    .text               main.o
    0x080001cc   0x080001cc   0x0000001a   Code   RO          132    .text               stm32f10x_it.o
    0x080001e6   0x080001e6   0x00000002   PAD
    0x080001e8   0x080001e8   0x000001e0   Code   RO          144    .text               system_stm32f10x.o
    0x080003c8   0x080003c8   0x00000070   Code   RO          162    .text               beep.o
    0x08000438   0x08000438   0x0000040c   Code   RO          180    .text               key.o
    0x08000844   0x08000844   0x00000034   Code   RO          201    .text               led.o
    0x08000878   0x08000878   0x00000ef4   Code   RO          222    .text               timer.o
    0x0800176c   0x0800176c   0x0000002c   Code   RO          245    .text               wdg.o
    0x08001798   0x08001798   0x000001b4   Code   RO          260    .text               sys_init.o
    0x0800194c   0x0800194c   0x000000d4   Code   RO          272    .text               delay.o
    0x08001a20   0x08001a20   0x00000044   Code   RO          286    .text               sys.o
    0x08001a64   0x08001a64   0x000000c4   Code   RO          302    .text               output.o
    0x08001b28   0x08001b28   0x000015b4   Code   RO          314    .text               pwm.o
    0x080030dc   0x080030dc   0x0000008c   Code   RO          338    .text               input.o
    0x08003168   0x08003168   0x00000c7a   Code   RO          356    .text               action_status.o
    0x08003de2   0x08003de2   0x00000002   PAD
    0x08003de4   0x08003de4   0x0000125c   Code   RO          374    .text               network.o
    0x08005040   0x08005040   0x00000c04   Code   RO          394    .text               lcd_rs232.o
    0x08005c44   0x08005c44   0x000005e4   Code   RO          429    .text               24c256.o
    0x08006228   0x08006228   0x000000dc   Code   RO          444    .text               misc.o
    0x08006304   0x08006304   0x0000011c   Code   RO          573    .text               stm32f10x_exti.o
    0x08006420   0x08006420   0x0000035c   Code   RO          615    .text               stm32f10x_gpio.o
    0x0800677c   0x0800677c   0x00000040   Code   RO          642    .text               stm32f10x_iwdg.o
    0x080067bc   0x080067bc   0x000003a4   Code   RO          669    .text               stm32f10x_rcc.o
    0x08006b60   0x08006b60   0x00000e1a   Code   RO          728    .text               stm32f10x_tim.o
    0x0800797a   0x0800797a   0x00000002   PAD
    0x0800797c   0x0800797c   0x00000408   Code   RO          740    .text               stm32f10x_usart.o
    0x08007d84   0x08007d84   0x00000024   Code   RO          781    .text               startup_stm32f10x_hd.o
    0x08007da8   0x08007da8   0x00000024   Code   RO          788    .text               mc_w.l(memcpya.o)
    0x08007dcc   0x08007dcc   0x00000024   Code   RO          790    .text               mc_w.l(memseta.o)
    0x08007df0   0x08007df0   0x0000000e   Code   RO          792    .text               mc_w.l(strlen.o)
    0x08007dfe   0x08007dfe   0x000000b0   Code   RO          824    .text               mf_w.l(fadd.o)
    0x08007eae   0x08007eae   0x00000064   Code   RO          826    .text               mf_w.l(fmul.o)
    0x08007f12   0x08007f12   0x0000007c   Code   RO          828    .text               mf_w.l(fdiv.o)
    0x08007f8e   0x08007f8e   0x0000014e   Code   RO          830    .text               mf_w.l(dadd.o)
    0x080080dc   0x080080dc   0x000000e4   Code   RO          832    .text               mf_w.l(dmul.o)
    0x080081c0   0x080081c0   0x000000de   Code   RO          834    .text               mf_w.l(ddiv.o)
    0x0800829e   0x0800829e   0x00000012   Code   RO          836    .text               mf_w.l(fflti.o)
    0x080082b0   0x080082b0   0x0000000a   Code   RO          838    .text               mf_w.l(ffltui.o)
    0x080082ba   0x080082ba   0x00000022   Code   RO          840    .text               mf_w.l(dflti.o)
    0x080082dc   0x080082dc   0x0000001a   Code   RO          842    .text               mf_w.l(dfltui.o)
    0x080082f6   0x080082f6   0x00000028   Code   RO          844    .text               mf_w.l(ffixui.o)
    0x0800831e   0x0800831e   0x00000032   Code   RO          846    .text               mf_w.l(dfixui.o)
    0x08008350   0x08008350   0x00000030   Code   RO          848    .text               mf_w.l(cdcmple.o)
    0x08008380   0x08008380   0x00000038   Code   RO          850    .text               mf_w.l(d2f.o)
    0x080083b8   0x080083b8   0x00000014   Code   RO          852    .text               mf_w.l(cfcmple.o)
    0x080083cc   0x080083cc   0x00000014   Code   RO          854    .text               mf_w.l(cfrcmple.o)
    0x080083e0   0x080083e0   0x0000001e   Code   RO          870    .text               mc_w.l(llshl.o)
    0x080083fe   0x080083fe   0x00000020   Code   RO          872    .text               mc_w.l(llushr.o)
    0x0800841e   0x0800841e   0x00000024   Code   RO          874    .text               mc_w.l(llsshr.o)
    0x08008442   0x08008442   0x00000000   Code   RO          878    .text               mc_w.l(iusefp.o)
    0x08008442   0x08008442   0x0000006e   Code   RO          879    .text               mf_w.l(fepilogue.o)
    0x080084b0   0x080084b0   0x000000ba   Code   RO          881    .text               mf_w.l(depilogue.o)
    0x0800856a   0x0800856a   0x00000002   PAD
    0x0800856c   0x0800856c   0x00000024   Code   RO          883    .text               mc_w.l(init.o)
    0x08008590   0x08008590   0x0000003a   Code   RO          893    .text               mc_w.l(__dczerorl.o)
    0x080085ca   0x080085ca   0x0000000e   Code   RO          887    i.__scatterload_copy  mc_w.l(handlers.o)
    0x080085d8   0x080085d8   0x00000002   Code   RO          888    i.__scatterload_null  mc_w.l(handlers.o)
    0x080085da   0x080085da   0x0000000e   Code   RO          889    i.__scatterload_zeroinit  mc_w.l(handlers.o)
    0x080085e8   0x080085e8   0x00000050   Code   RO          796    i.free              mc_w.l(malloc.o)
    0x08008638   0x08008638   0x0000006c   Code   RO          797    i.malloc            mc_w.l(malloc.o)
    0x080086a4   0x080086a4   0x00000020   Data   RO          885    Region$$Table       anon$$obj.o


    Execution Region RW_IRAM1 (Exec base: 0x20000000, Load base: 0x080086c4, Size: 0x00001340, Max: 0x0000c000, ABSOLUTE, COMPRESSED[0x0000002c])

    Exec Addr    Load Addr    Size         Type   Attr      Idx    E Section Name        Object

    0x20000000   COMPRESSED   0x00000014   Data   RW          145    .data               system_stm32f10x.o
    0x20000014   COMPRESSED   0x00000010   Data   RW          181    .data               key.o
    0x20000024   COMPRESSED   0x00000014   Data   RW          223    .data               timer.o
    0x20000038   COMPRESSED   0x00000004   Data   RW          273    .data               delay.o
    0x2000003c   COMPRESSED   0x00000004   PAD
    0x20000040   COMPRESSED   0x00000038   Data   RW          316    .data               pwm.o
    0x20000078   COMPRESSED   0x0000001b   Data   RW          357    .data               action_status.o
    0x20000093   COMPRESSED   0x0000000c   Data   RW          376    .data               network.o
    0x2000009f   COMPRESSED   0x00000001   PAD
    0x200000a0   COMPRESSED   0x0000006e   Data   RW          396    .data               lcd_rs232.o
    0x2000010e   COMPRESSED   0x00000002   PAD
    0x20000110   COMPRESSED   0x0000000d   Data   RW          430    .data               24c256.o
    0x2000011d   COMPRESSED   0x00000014   Data   RW          670    .data               stm32f10x_rcc.o
    0x20000131   COMPRESSED   0x00000003   PAD
    0x20000134   COMPRESSED   0x00000004   Data   RW          876    .data               mc_w.l(mvars.o)
    0x20000138   COMPRESSED   0x00000004   Data   RW          877    .data               mc_w.l(mvars.o)
    0x2000013c        -       0x000001e8   Zero   RW          315    .bss                pwm.o
    0x20000324        -       0x0000080c   Zero   RW          375    .bss                network.o
    0x20000b30        -       0x0000020d   Zero   RW          395    .bss                lcd_rs232.o
    0x20000d3d   COMPRESSED   0x00000003   PAD
    0x20000d40        -       0x00000200   Zero   RW          779    HEAP                startup_stm32f10x_hd.o
    0x20000f40        -       0x00000400   Zero   RW          778    STACK               startup_stm32f10x_hd.o


==============================================================================

Image component sizes


      Code (inc. data)   RO Data    RW Data    ZI Data      Debug   Object Name

      1508         34          0         13          0       4776   24c256.o
      3194        130          0         27          0       6643   action_status.o
       112         18          0          0          0        769   beep.o
         0          0          0          0          0         32   core_cm3.o
       212         18          0          4          0       1031   delay.o
       140         18          0          0          0        713   input.o
      1036        172          0         16          0       1987   key.o
      3076        342          0        110        525       8587   lcd_rs232.o
        52          6          0          0          0        479   led.o
       136         20          0          0          0     257069   main.o
       220         22          0          0          0       1861   misc.o
      4700        454          0         12       2060       6440   network.o
       196         20          0          0          0        595   output.o
      5556        376          0         56        488       9995   pwm.o
        36          8        304          0       1536        872   startup_stm32f10x_hd.o
       284         10          0          0          0       2319   stm32f10x_exti.o
       860         38          0          0          0       5793   stm32f10x_gpio.o
        26          0          0          0          0       1198   stm32f10x_it.o
        64          6          0          0          0       1305   stm32f10x_iwdg.o
       932         36          0         20          0       8988   stm32f10x_rcc.o
      3610         88          0          0          0      22904   stm32f10x_tim.o
      1032         22          0          0          0       8520   stm32f10x_usart.o
        68          8          0          0          0      15853   sys.o
       436         70          0          0          0        759   sys_init.o
       480         38          0         20          0       1791   system_stm32f10x.o
      3828        122          0         20          0       3120   timer.o
        44          0          0          0          0        658   wdg.o

    ----------------------------------------------------------------------
     31844       2076        336        308       4612     375057   Object Totals
         0          0         32          0          0          0   (incl. Generated)
         6          0          0         10          3          0   (incl. Padding)

    ----------------------------------------------------------------------

      Code (inc. data)   RO Data    RW Data    ZI Data      Debug   Library Member Name

        58          0          0          0          0          0   __dczerorl.o
         0          0          0          0          0          0   entry.o
         0          0          0          0          0          0   entry10a.o
         0          0          0          0          0          0   entry11a.o
         8          4          0          0          0          0   entry2.o
         4          0          0          0          0          0   entry5.o
         0          0          0          0          0          0   entry7b.o
         0          0          0          0          0          0   entry8b.o
         8          4          0          0          0          0   entry9a.o
        30          0          0          0          0          0   handlers.o
        36          8          0          0          0         68   init.o
         0          0          0          0          0          0   iusefp.o
        30          0          0          0          0         68   llshl.o
        36          0          0          0          0         68   llsshr.o
        32          0          0          0          0         68   llushr.o
       188         20          0          0          0        160   malloc.o
        36          0          0          0          0         68   memcpya.o
        36          0          0          0          0        108   memseta.o
         0          0          0          8          0          0   mvars.o
        14          0          0          0          0         68   strlen.o
        48          0          0          0          0         68   cdcmple.o
        20          0          0          0          0         68   cfcmple.o
        20          0          0          0          0         68   cfrcmple.o
        56          0          0          0          0         88   d2f.o
       334          0          0          0          0        148   dadd.o
       222          0          0          0          0        100   ddiv.o
       186          0          0          0          0        176   depilogue.o
        50          0          0          0          0         76   dfixui.o
        34          0          0          0          0         76   dflti.o
        26          0          0          0          0         76   dfltui.o
       228          0          0          0          0         96   dmul.o
       176          0          0          0          0        140   fadd.o
       124          0          0          0          0         88   fdiv.o
       110          0          0          0          0        168   fepilogue.o
        40          0          0          0          0         68   ffixui.o
        18          0          0          0          0         68   fflti.o
        10          0          0          0          0         68   ffltui.o
       100          0          0          0          0         76   fmul.o

    ----------------------------------------------------------------------
      2320         36          0          8          0       2392   Library Totals
         2          0          0          0          0          0   (incl. Padding)

    ----------------------------------------------------------------------

      Code (inc. data)   RO Data    RW Data    ZI Data      Debug   Library Name

       516         36          0          8          0        676   mc_w.l
      1802          0          0          0          0       1716   mf_w.l

    ----------------------------------------------------------------------
      2320         36          0          8          0       2392   Library Totals

    ----------------------------------------------------------------------

==============================================================================


      Code (inc. data)   RO Data    RW Data    ZI Data      Debug   

     34164       2112        336        316       4612     374405   Grand Totals
     34164       2112        336         44       4612     374405   ELF Image Totals (compressed)
     34164       2112        336         44          0          0   ROM Totals

==============================================================================

    Total RO  Size (Code + RO Data)                34500 (  33.69kB)
    Total RW  Size (RW Data + ZI Data)              4928 (   4.81kB)
    Total ROM Size (Code + RO Data + RW Data)      34544 (  33.73kB)

==============================================================================

